Archive member included because of file (symbol)

/Users/justinng/Documents/Github/roborodentia2017/arm/lib/gcc/arm-none-eabi/4.9.1/../../../../arm-none-eabi/lib/libc.a(lib_a-atexit.o)
                              /Users/justinng/Documents/Github/roborodentia2017/arm/lib/gcc/arm-none-eabi/4.9.1/../../../../arm-none-eabi/lib/crt0.o (atexit)
/Users/justinng/Documents/Github/roborodentia2017/arm/lib/gcc/arm-none-eabi/4.9.1/../../../../arm-none-eabi/lib/libc.a(lib_a-exit.o)
                              /Users/justinng/Documents/Github/roborodentia2017/arm/lib/gcc/arm-none-eabi/4.9.1/../../../../arm-none-eabi/lib/crt0.o (exit)
/Users/justinng/Documents/Github/roborodentia2017/arm/lib/gcc/arm-none-eabi/4.9.1/../../../../arm-none-eabi/lib/libc.a(lib_a-fini.o)
                              /Users/justinng/Documents/Github/roborodentia2017/arm/lib/gcc/arm-none-eabi/4.9.1/../../../../arm-none-eabi/lib/crt0.o (__libc_fini_array)
/Users/justinng/Documents/Github/roborodentia2017/arm/lib/gcc/arm-none-eabi/4.9.1/../../../../arm-none-eabi/lib/libc.a(lib_a-impure.o)
                              /Users/justinng/Documents/Github/roborodentia2017/arm/lib/gcc/arm-none-eabi/4.9.1/../../../../arm-none-eabi/lib/libc.a(lib_a-exit.o) (_global_impure_ptr)
/Users/justinng/Documents/Github/roborodentia2017/arm/lib/gcc/arm-none-eabi/4.9.1/../../../../arm-none-eabi/lib/libc.a(lib_a-init.o)
                              /Users/justinng/Documents/Github/roborodentia2017/arm/lib/gcc/arm-none-eabi/4.9.1/../../../../arm-none-eabi/lib/crt0.o (__libc_init_array)
/Users/justinng/Documents/Github/roborodentia2017/arm/lib/gcc/arm-none-eabi/4.9.1/../../../../arm-none-eabi/lib/libc.a(lib_a-memset.o)
                              /Users/justinng/Documents/Github/roborodentia2017/arm/lib/gcc/arm-none-eabi/4.9.1/../../../../arm-none-eabi/lib/crt0.o (memset)
/Users/justinng/Documents/Github/roborodentia2017/arm/lib/gcc/arm-none-eabi/4.9.1/../../../../arm-none-eabi/lib/libc.a(lib_a-puts.o)
                              build/main.o (puts)
/Users/justinng/Documents/Github/roborodentia2017/arm/lib/gcc/arm-none-eabi/4.9.1/../../../../arm-none-eabi/lib/libc.a(lib_a-strlen.o)
                              /Users/justinng/Documents/Github/roborodentia2017/arm/lib/gcc/arm-none-eabi/4.9.1/../../../../arm-none-eabi/lib/libc.a(lib_a-puts.o) (strlen)
/Users/justinng/Documents/Github/roborodentia2017/arm/lib/gcc/arm-none-eabi/4.9.1/../../../../arm-none-eabi/lib/libc.a(lib_a-__atexit.o)
                              /Users/justinng/Documents/Github/roborodentia2017/arm/lib/gcc/arm-none-eabi/4.9.1/../../../../arm-none-eabi/lib/libc.a(lib_a-atexit.o) (__register_exitproc)
/Users/justinng/Documents/Github/roborodentia2017/arm/lib/gcc/arm-none-eabi/4.9.1/../../../../arm-none-eabi/lib/libc.a(lib_a-__call_atexit.o)
                              /Users/justinng/Documents/Github/roborodentia2017/arm/lib/gcc/arm-none-eabi/4.9.1/../../../../arm-none-eabi/lib/libc.a(lib_a-exit.o) (__call_exitprocs)
/Users/justinng/Documents/Github/roborodentia2017/arm/lib/gcc/arm-none-eabi/4.9.1/../../../../arm-none-eabi/lib/libc.a(lib_a-fvwrite.o)
                              /Users/justinng/Documents/Github/roborodentia2017/arm/lib/gcc/arm-none-eabi/4.9.1/../../../../arm-none-eabi/lib/libc.a(lib_a-puts.o) (__sfvwrite_r)
/Users/justinng/Documents/Github/roborodentia2017/arm/lib/gcc/arm-none-eabi/4.9.1/../../../../arm-none-eabi/lib/libc.a(lib_a-mallocr.o)
                              /Users/justinng/Documents/Github/roborodentia2017/arm/lib/gcc/arm-none-eabi/4.9.1/../../../../arm-none-eabi/lib/libc.a(lib_a-fvwrite.o) (_malloc_r)
/Users/justinng/Documents/Github/roborodentia2017/arm/lib/gcc/arm-none-eabi/4.9.1/../../../../arm-none-eabi/lib/libc.a(lib_a-memchr-stub.o)
                              /Users/justinng/Documents/Github/roborodentia2017/arm/lib/gcc/arm-none-eabi/4.9.1/../../../../arm-none-eabi/lib/libc.a(lib_a-fvwrite.o) (memchr)
/Users/justinng/Documents/Github/roborodentia2017/arm/lib/gcc/arm-none-eabi/4.9.1/../../../../arm-none-eabi/lib/libc.a(lib_a-memcpy.o)
                              /Users/justinng/Documents/Github/roborodentia2017/arm/lib/gcc/arm-none-eabi/4.9.1/../../../../arm-none-eabi/lib/libc.a(lib_a-fvwrite.o) (memcpy)
/Users/justinng/Documents/Github/roborodentia2017/arm/lib/gcc/arm-none-eabi/4.9.1/../../../../arm-none-eabi/lib/libc.a(lib_a-memmove.o)
                              /Users/justinng/Documents/Github/roborodentia2017/arm/lib/gcc/arm-none-eabi/4.9.1/../../../../arm-none-eabi/lib/libc.a(lib_a-fvwrite.o) (memmove)
/Users/justinng/Documents/Github/roborodentia2017/arm/lib/gcc/arm-none-eabi/4.9.1/../../../../arm-none-eabi/lib/libc.a(lib_a-mlock.o)
                              /Users/justinng/Documents/Github/roborodentia2017/arm/lib/gcc/arm-none-eabi/4.9.1/../../../../arm-none-eabi/lib/libc.a(lib_a-mallocr.o) (__malloc_lock)
[...]
Memory Configuration

Name             Origin             Length             Attributes
RAM              0x0000000020000000 0x0000000000020000 xrw
FLASH            0x0000000008000000 0x0000000000080000 xr
*default*        0x0000000000000000 0xffffffffffffffff

Linker script and memory map

LOAD /Users/justinng/Documents/Github/roborodentia2017/arm/lib/gcc/arm-none-eabi/4.9.1/crti.o
LOAD /Users/justinng/Documents/Github/roborodentia2017/arm/lib/gcc/arm-none-eabi/4.9.1/crtbegin.o
LOAD /Users/justinng/Documents/Github/roborodentia2017/arm/lib/gcc/arm-none-eabi/4.9.1/../../../../arm-none-eabi/lib/crt0.o
LOAD build/stm32f4xx_hal.o
LOAD build/i2c.o
LOAD build/stm32f4xx_hal_flash_ramfunc.o
LOAD build/stm32f4xx_hal_dma_ex.o
LOAD build/stm32f4xx_hal_rcc_ex.o
LOAD build/system_stm32f4xx.o
LOAD build/tim.o
LOAD build/stm32f4xx_hal_cortex.o
LOAD build/stm32f4xx_hal_rcc.o
LOAD build/stm32f4xx_hal_i2c.o
LOAD build/stm32f4xx_hal_pwr.o
LOAD build/stm32f4xx_hal_gpio.o
LOAD build/stm32f4xx_hal_uart.o
LOAD build/stm32f4xx_hal_tim.o
LOAD build/gpio.o
LOAD build/stm32f4xx_hal_msp.o
LOAD build/usart.o
LOAD build/stm32f4xx_hal_tim_ex.o
LOAD build/main.o
LOAD build/stm32f4xx_it.o
LOAD build/stm32f4xx_hal_dma.o
LOAD build/stm32f4xx_hal_pwr_ex.o
LOAD build/stm32f4xx_hal_flash_ex.o
LOAD build/dma.o
LOAD build/stm32f4xx_hal_i2c_ex.o
LOAD build/stm32f4xx_hal_flash.o
LOAD build/startup_stm32f446xx.o
LOAD /Users/justinng/Documents/Github/roborodentia2017/arm/lib/gcc/arm-none-eabi/4.9.1/../../../../arm-none-eabi/lib/libc.a
LOAD /Users/justinng/Documents/Github/roborodentia2017/arm/lib/gcc/arm-none-eabi/4.9.1/../../../../arm-none-eabi/lib/libm.a
LOAD /Users/justinng/Documents/Github/roborodentia2017/arm/lib/gcc/arm-none-eabi/4.9.1/../../../../arm-none-eabi/lib/libnosys.a
START GROUP
LOAD /Users/justinng/Documents/Github/roborodentia2017/arm/lib/gcc/arm-none-eabi/4.9.1/libgcc.a
LOAD /Users/justinng/Documents/Github/roborodentia2017/arm/lib/gcc/arm-none-eabi/4.9.1/../../../../arm-none-eabi/lib/libc.a
END GROUP
LOAD /Users/justinng/Documents/Github/roborodentia2017/arm/lib/gcc/arm-none-eabi/4.9.1/crtend.o
LOAD /Users/justinng/Documents/Github/roborodentia2017/arm/lib/gcc/arm-none-eabi/4.9.1/crtn.o
                0x0000000020020000                _estack = 0x20020000
                0x0000000000000200                _Min_Heap_Size = 0x200
                0x0000000000000400                _Min_Stack_Size = 0x400

.isr_vector     0x0000000008000000      0x1c4
                0x0000000008000000                . = ALIGN (0x4)
 *(.isr_vector)
 .isr_vector    0x0000000008000000      0x1c4 build/startup_stm32f446xx.o
                0x0000000008000000                g_pfnVectors
                0x00000000080001c4                . = ALIGN (0x4)

.text           0x00000000080001c4     0x558c
                0x00000000080001c4                . = ALIGN (0x4)
 *(.text)
 .text          0x00000000080001c4       0xa4 /Users/justinng/Documents/Github/roborodentia2017/arm/lib/gcc/arm-none-eabi/4.9.1/crtbegin.o
 .text          0x0000000008000268       0x50 /Users/justinng/Documents/Github/roborodentia2017/arm/lib/gcc/arm-none-eabi/4.9.1/../../../../arm-none-eabi/lib/libc.a(lib_a-init.o)
                0x0000000008000268                __libc_init_array
 .text          0x00000000080002b8       0x9c /Users/justinng/Documents/Github/roborodentia2017/arm/lib/gcc/arm-none-eabi/4.9.1/../../../../arm-none-eabi/lib/libc.a(lib_a-memset.o)
                0x00000000080002b8                memset
 .text          0x0000000008000354       0x6c /Users/justinng/Documents/Github/roborodentia2017/arm/lib/gcc/arm-none-eabi/4.9.1/../../../../arm-none-eabi/lib/libc.a(lib_a-puts.o)
                0x0000000008000354                _puts_r
                0x00000000080003b0                puts
 .text          0x00000000080003c0       0x60 /Users/justinng/Documents/Github/roborodentia2017/arm/lib/gcc/arm-none-eabi/4.9.1/../../../../arm-none-eabi/lib/libc.a(lib_a-strlen.o)
                0x00000000080003c0                strlen
 .text          0x0000000008000420      0x318 /Users/justinng/Documents/Github/roborodentia2017/arm/lib/gcc/arm-none-eabi/4.9.1/../../../../arm-none-eabi/lib/libc.a(lib_a-fvwrite.o)
                0x0000000008000420                __sfvwrite_r
 .text          0x0000000008000738      0x50c /Users/justinng/Documents/Github/roborodentia2017/arm/lib/gcc/arm-none-eabi/4.9.1/../../../../arm-none-eabi/lib/libc.a(lib_a-mallocr.o)
                0x0000000008000738                _malloc_r
 .text          0x0000000008000c44       0x94 /Users/justinng/Documents/Github/roborodentia2017/arm/lib/gcc/arm-none-eabi/4.9.1/../../../../arm-none-eabi/lib/libc.a(lib_a-memchr-stub.o)
                0x0000000008000c44                memchr
 .text          0x0000000008000cd8      0x134 /Users/justinng/Documents/Github/roborodentia2017/arm/lib/gcc/arm-none-eabi/4.9.1/../../../../arm-none-eabi/lib/libc.a(lib_a-memcpy.o)
                0x0000000008000cd8                memcpy
 .text          0x0000000008000e0c       0xc8 /Users/justinng/Documents/Github/roborodentia2017/arm/lib/gcc/arm-none-eabi/4.9.1/../../../../arm-none-eabi/lib/libc.a(lib_a-memmove.o)
                0x0000000008000e0c                memmove
 .text          0x0000000008000ed4        0x8 /Users/justinng/Documents/Github/roborodentia2017/arm/lib/gcc/arm-none-eabi/4.9.1/../../../../arm-none-eabi/lib/libc.a(lib_a-mlock.o)
                0x0000000008000ed4                __malloc_lock
                0x0000000008000ed8                __malloc_unlock
 .text          0x0000000008000edc      0x3ec /Users/justinng/Documents/Github/roborodentia2017/arm/lib/gcc/arm-none-eabi/4.9.1/../../../../arm-none-eabi/lib/libc.a(lib_a-reallocr.o)
                0x0000000008000edc                _realloc_r
 .text          0x00000000080012c8       0x24 /Users/justinng/Documents/Github/roborodentia2017/arm/lib/gcc/arm-none-eabi/4.9.1/../../../../arm-none-eabi/lib/libc.a(lib_a-sbrkr.o)
                0x00000000080012c8                _sbrk_r
 .text          0x00000000080012ec       0xc4 /Users/justinng/Documents/Github/roborodentia2017/arm/lib/gcc/arm-none-eabi/4.9.1/../../../../arm-none-eabi/lib/libc.a(lib_a-wsetup.o)
                0x00000000080012ec                __swsetup_r
 .text          0x00000000080013b0      0x1a4 /Users/justinng/Documents/Github/roborodentia2017/arm/lib/gcc/arm-none-eabi/4.9.1/../../../../arm-none-eabi/lib/libc.a(lib_a-fflush.o)
                0x00000000080013b0                __sflush_r
                0x0000000008001504                _fflush_r
                0x0000000008001530                fflush
 .text          0x0000000008001554      0x210 /Users/justinng/Documents/Github/roborodentia2017/arm/lib/gcc/arm-none-eabi/4.9.1/../../../../arm-none-eabi/lib/libc.a(lib_a-findfp.o)
                0x000000000800155c                _cleanup_r
                0x0000000008001658                __sfmoreglue
                0x0000000008001688                __sfp
                0x0000000008001710                _cleanup
                0x0000000008001724                __sinit
                0x000000000800172c                __sfp_lock_acquire
                0x0000000008001730                __sfp_lock_release
                0x0000000008001734                __sinit_lock_acquire
                0x0000000008001738                __sinit_lock_release
                0x000000000800173c                __fp_lock_all
                0x0000000008001750                __fp_unlock_all
 .text          0x0000000008001764      0x24c /Users/justinng/Documents/Github/roborodentia2017/arm/lib/gcc/arm-none-eabi/4.9.1/../../../../arm-none-eabi/lib/libc.a(lib_a-freer.o)
                0x0000000008001764                _malloc_trim_r
                0x0000000008001800                _free_r
 .text          0x00000000080019b0       0xa0 /Users/justinng/Documents/Github/roborodentia2017/arm/lib/gcc/arm-none-eabi/4.9.1/../../../../arm-none-eabi/lib/libc.a(lib_a-fwalk.o)
                0x00000000080019b0                _fwalk
                0x00000000080019fc                _fwalk_reent
 .text          0x0000000008001a50       0xe0 /Users/justinng/Documents/Github/roborodentia2017/arm/lib/gcc/arm-none-eabi/4.9.1/../../../../arm-none-eabi/lib/libc.a(lib_a-makebuf.o)
                0x0000000008001a50                __smakebuf_r
 .text          0x0000000008001b30       0x88 /Users/justinng/Documents/Github/roborodentia2017/arm/lib/gcc/arm-none-eabi/4.9.1/../../../../arm-none-eabi/lib/libc.a(lib_a-stdio.o)
                0x0000000008001b30                __sread
                0x0000000008001b54                __seofread
                0x0000000008001b58                __swrite
                0x0000000008001b90                __sseek
                0x0000000008001bb0                __sclose
 .text          0x0000000008001bb8       0x28 /Users/justinng/Documents/Github/roborodentia2017/arm/lib/gcc/arm-none-eabi/4.9.1/../../../../arm-none-eabi/lib/libc.a(lib_a-writer.o)
                0x0000000008001bb8                _write_r
 .text          0x0000000008001be0       0x24 /Users/justinng/Documents/Github/roborodentia2017/arm/lib/gcc/arm-none-eabi/4.9.1/../../../../arm-none-eabi/lib/libc.a(lib_a-closer.o)
                0x0000000008001be0                _close_r
 .text          0x0000000008001c04       0x94 /Users/justinng/Documents/Github/roborodentia2017/arm/lib/gcc/arm-none-eabi/4.9.1/../../../../arm-none-eabi/lib/libc.a(lib_a-fclose.o)
                0x0000000008001c04                _fclose_r
                0x0000000008001c88                fclose
 .text          0x0000000008001c98       0x28 /Users/justinng/Documents/Github/roborodentia2017/arm/lib/gcc/arm-none-eabi/4.9.1/../../../../arm-none-eabi/lib/libc.a(lib_a-fstatr.o)
                0x0000000008001c98                _fstat_r
 .text          0x0000000008001cc0       0x24 /Users/justinng/Documents/Github/roborodentia2017/arm/lib/gcc/arm-none-eabi/4.9.1/../../../../arm-none-eabi/lib/libc.a(lib_a-isattyr.o)
                0x0000000008001cc0                _isatty_r
 .text          0x0000000008001ce4       0x28 /Users/justinng/Documents/Github/roborodentia2017/arm/lib/gcc/arm-none-eabi/4.9.1/../../../../arm-none-eabi/lib/libc.a(lib_a-lseekr.o)
                0x0000000008001ce4                _lseek_r
 .text          0x0000000008001d0c       0x28 /Users/justinng/Documents/Github/roborodentia2017/arm/lib/gcc/arm-none-eabi/4.9.1/../../../../arm-none-eabi/lib/libc.a(lib_a-readr.o)
                0x0000000008001d0c                _read_r
 .text          0x0000000008001d34       0x10 /Users/justinng/Documents/Github/roborodentia2017/arm/lib/gcc/arm-none-eabi/4.9.1/../../../../arm-none-eabi/lib/libnosys.a(close.o)
                0x0000000008001d34                _close
 .text          0x0000000008001d44       0x10 /Users/justinng/Documents/Github/roborodentia2017/arm/lib/gcc/arm-none-eabi/4.9.1/../../../../arm-none-eabi/lib/libnosys.a(fstat.o)
                0x0000000008001d44                _fstat
 .text          0x0000000008001d54       0x10 /Users/justinng/Documents/Github/roborodentia2017/arm/lib/gcc/arm-none-eabi/4.9.1/../../../../arm-none-eabi/lib/libnosys.a(isatty.o)
                0x0000000008001d54                _isatty
 .text          0x0000000008001d64       0x10 /Users/justinng/Documents/Github/roborodentia2017/arm/lib/gcc/arm-none-eabi/4.9.1/../../../../arm-none-eabi/lib/libnosys.a(lseek.o)
                0x0000000008001d64                _lseek
 .text          0x0000000008001d74       0x10 /Users/justinng/Documents/Github/roborodentia2017/arm/lib/gcc/arm-none-eabi/4.9.1/../../../../arm-none-eabi/lib/libnosys.a(read.o)
                0x0000000008001d74                _read
 .text          0x0000000008001d84       0x1c /Users/justinng/Documents/Github/roborodentia2017/arm/lib/gcc/arm-none-eabi/4.9.1/../../../../arm-none-eabi/lib/libnosys.a(sbrk.o)
                0x0000000008001d84                _sbrk
 .text          0x0000000008001da0       0x10 /Users/justinng/Documents/Github/roborodentia2017/arm/lib/gcc/arm-none-eabi/4.9.1/../../../../arm-none-eabi/lib/libnosys.a(write.o)
                0x0000000008001da0                _write
 .text          0x0000000008001db0       0x2c /Users/justinng/Documents/Github/roborodentia2017/arm/lib/gcc/arm-none-eabi/4.9.1/libgcc.a(_aeabi_uldivmod.o)
                0x0000000008001db0                __aeabi_uldivmod
 .text          0x0000000008001ddc       0x60 /Users/justinng/Documents/Github/roborodentia2017/arm/lib/gcc/arm-none-eabi/4.9.1/libgcc.a(bpabi.o)
                0x0000000008001ddc                __gnu_ldivmod_helper
                0x0000000008001e0c                __gnu_uldivmod_helper
 .text          0x0000000008001e3c        0x4 /Users/justinng/Documents/Github/roborodentia2017/arm/lib/gcc/arm-none-eabi/4.9.1/libgcc.a(_dvmd_tls.o)
                0x0000000008001e3c                __aeabi_ldiv0
                0x0000000008001e3c                __aeabi_idiv0
 .text          0x0000000008001e40      0x29c /Users/justinng/Documents/Github/roborodentia2017/arm/lib/gcc/arm-none-eabi/4.9.1/libgcc.a(_divdi3.o)
                0x0000000008001e40                __divdi3
 .text          0x00000000080020dc      0x26c /Users/justinng/Documents/Github/roborodentia2017/arm/lib/gcc/arm-none-eabi/4.9.1/libgcc.a(_udivdi3.o)
                0x00000000080020dc                __udivdi3
 *(.text*)
 .text.HAL_InitTick
                0x0000000008002348       0x2c build/stm32f4xx_hal.o
                0x0000000008002348                HAL_InitTick
 .text.HAL_Init
                0x0000000008002374       0x34 build/stm32f4xx_hal.o
                0x0000000008002374                HAL_Init
 .text.HAL_IncTick
                0x00000000080023a8       0x10 build/stm32f4xx_hal.o
                0x00000000080023a8                HAL_IncTick
 .text.HAL_GetTick
                0x00000000080023b8        0xc build/stm32f4xx_hal.o
                0x00000000080023b8                HAL_GetTick
 .text.HAL_Delay
                0x00000000080023c4       0x24 build/stm32f4xx_hal.o
                0x00000000080023c4                HAL_Delay
 .text.MX_I2C2_Init
                0x00000000080023e8       0x40 build/i2c.o
                0x00000000080023e8                MX_I2C2_Init
 .text.MX_I2C3_Init
                0x0000000008002428       0x40 build/i2c.o
                0x0000000008002428                MX_I2C3_Init
 .text.HAL_I2C_MspInit
                0x0000000008002468      0x1d8 build/i2c.o
                0x0000000008002468                HAL_I2C_MspInit
 .text.HAL_RCC_GetSysClockFreq
                0x0000000008002640      0x170 build/stm32f4xx_hal_rcc_ex.o
                0x0000000008002640                HAL_RCC_GetSysClockFreq
 .text.HAL_RCC_OscConfig
                0x00000000080027b0      0x4c4 build/stm32f4xx_hal_rcc_ex.o
                0x00000000080027b0                HAL_RCC_OscConfig
 .text.SystemInit
                0x0000000008002c74       0x4c build/system_stm32f4xx.o
                0x0000000008002c74                SystemInit
 .text.HAL_TIM_Base_MspInit
                0x0000000008002cc0       0x78 build/tim.o
                0x0000000008002cc0                HAL_TIM_Base_MspInit
 .text.HAL_TIM_MspPostInit
                0x0000000008002d38       0x84 build/tim.o
                0x0000000008002d38                HAL_TIM_MspPostInit
 .text.MX_TIM3_Init
                0x0000000008002dbc       0xb4 build/tim.o
                0x0000000008002dbc                MX_TIM3_Init
 .text.MX_TIM4_Init
                0x0000000008002e70       0xdc build/tim.o
                0x0000000008002e70                MX_TIM4_Init
 .text.MX_TIM12_Init
                0x0000000008002f4c       0x9c build/tim.o
                0x0000000008002f4c                MX_TIM12_Init
 .text.HAL_NVIC_SetPriorityGrouping
                0x0000000008002fe8       0x3c build/stm32f4xx_hal_cortex.o
                0x0000000008002fe8                HAL_NVIC_SetPriorityGrouping
 .text.HAL_NVIC_SetPriority
                0x0000000008003024       0x88 build/stm32f4xx_hal_cortex.o
                0x0000000008003024                HAL_NVIC_SetPriority
 .text.HAL_NVIC_EnableIRQ
                0x00000000080030ac       0x28 build/stm32f4xx_hal_cortex.o
                0x00000000080030ac                HAL_NVIC_EnableIRQ
 .text.HAL_SYSTICK_Config
                0x00000000080030d4       0x2c build/stm32f4xx_hal_cortex.o
                0x00000000080030d4                HAL_SYSTICK_Config
 .text.HAL_SYSTICK_CLKSourceConfig
                0x0000000008003100       0x38 build/stm32f4xx_hal_cortex.o
                0x0000000008003100                HAL_SYSTICK_CLKSourceConfig
 .text.HAL_SYSTICK_Callback
                0x0000000008003138        0x4 build/stm32f4xx_hal_cortex.o
                0x0000000008003138                HAL_SYSTICK_Callback
 .text.HAL_SYSTICK_IRQHandler
                0x000000000800313c        0x8 build/stm32f4xx_hal_cortex.o
                0x000000000800313c                HAL_SYSTICK_IRQHandler
 .text.HAL_RCC_ClockConfig
                0x0000000008003144      0x210 build/stm32f4xx_hal_rcc.o
                0x0000000008003144                HAL_RCC_ClockConfig
 .text.HAL_RCC_GetHCLKFreq
                0x0000000008003354        0xc build/stm32f4xx_hal_rcc.o
                0x0000000008003354                HAL_RCC_GetHCLKFreq
 .text.HAL_RCC_GetPCLK1Freq
                0x0000000008003360       0x20 build/stm32f4xx_hal_rcc.o
                0x0000000008003360                HAL_RCC_GetPCLK1Freq
 .text.HAL_RCC_GetPCLK2Freq
                0x0000000008003380       0x20 build/stm32f4xx_hal_rcc.o
                0x0000000008003380                HAL_RCC_GetPCLK2Freq
 .text.HAL_I2C_Init
                0x00000000080033a0      0x1e8 build/stm32f4xx_hal_i2c.o
                0x00000000080033a0                HAL_I2C_Init
 .text.HAL_GPIO_Init
                0x0000000008003588      0x350 build/stm32f4xx_hal_gpio.o
                0x0000000008003588                HAL_GPIO_Init
 .text.HAL_GPIO_WritePin
                0x00000000080038d8       0x34 build/stm32f4xx_hal_gpio.o
                0x00000000080038d8                HAL_GPIO_WritePin
 .text.HAL_GPIO_TogglePin
                0x000000000800390c       0x20 build/stm32f4xx_hal_gpio.o
                0x000000000800390c                HAL_GPIO_TogglePin
 .text.UART_SetConfig
                0x000000000800392c      0x384 build/stm32f4xx_hal_uart.o
 .text.HAL_UART_Init
                0x0000000008003cb0      0x124 build/stm32f4xx_hal_uart.o
                0x0000000008003cb0                HAL_UART_Init
 .text.TIM_OC1_SetConfig
                0x0000000008003dd4       0x64 build/stm32f4xx_hal_tim.o
 .text.TIM_TI1_ConfigInputStage
                0x0000000008003e38       0x28 build/stm32f4xx_hal_tim.o
 .text.TIM_TI2_ConfigInputStage
                0x0000000008003e60       0x28 build/stm32f4xx_hal_tim.o
 .text.TIM_ITRx_SetConfig
                0x0000000008003e88       0x10 build/stm32f4xx_hal_tim.o
 .text.TIM_ETR_SetConfig
                0x0000000008003e98       0x18 build/stm32f4xx_hal_tim.o
 .text.TIM_OC3_SetConfig
                0x0000000008003eb0       0xb4 build/stm32f4xx_hal_tim.o
 .text.TIM_OC4_SetConfig
                0x0000000008003f64       0x7c build/stm32f4xx_hal_tim.o
 .text.HAL_TIM_PWM_MspInit
                0x0000000008003fe0        0x4 build/stm32f4xx_hal_tim.o
                0x0000000008003fe0                HAL_TIM_PWM_MspInit
 .text.HAL_TIM_ConfigClockSource
                0x0000000008003fe4      0x5b4 build/stm32f4xx_hal_tim.o
                0x0000000008003fe4                HAL_TIM_ConfigClockSource
 .text.TIM_Base_SetConfig
                0x0000000008004598      0x11c build/stm32f4xx_hal_tim.o
                0x0000000008004598                TIM_Base_SetConfig
 .text.HAL_TIM_Base_Init
                0x00000000080046b4       0xf0 build/stm32f4xx_hal_tim.o
                0x00000000080046b4                HAL_TIM_Base_Init
 .text.HAL_TIM_PWM_Init
                0x00000000080047a4       0xf4 build/stm32f4xx_hal_tim.o
                0x00000000080047a4                HAL_TIM_PWM_Init
 .text.TIM_OC2_SetConfig
                0x0000000008004898       0x90 build/stm32f4xx_hal_tim.o
                0x0000000008004898                TIM_OC2_SetConfig
 .text.HAL_TIM_PWM_ConfigChannel
                0x0000000008004928      0x274 build/stm32f4xx_hal_tim.o
                0x0000000008004928                HAL_TIM_PWM_ConfigChannel
 .text.MX_GPIO_Init
                0x0000000008004b9c      0x104 build/gpio.o
                0x0000000008004b9c                MX_GPIO_Init
 .text.HAL_MspInit
                0x0000000008004ca0       0x60 build/stm32f4xx_hal_msp.o
                0x0000000008004ca0                HAL_MspInit
 .text.MX_USART2_UART_Init
                0x0000000008004d00       0x3c build/usart.o
                0x0000000008004d00                MX_USART2_UART_Init
 .text.HAL_UART_MspInit
                0x0000000008004d3c       0xd4 build/usart.o
                0x0000000008004d3c                HAL_UART_MspInit
 .text.HAL_TIMEx_MasterConfigSynchronization
                0x0000000008004e10       0xe0 build/stm32f4xx_hal_tim_ex.o
                0x0000000008004e10                HAL_TIMEx_MasterConfigSynchronization
 .text._Error_Handler
                0x0000000008004ef0       0x24 build/main.o
                0x0000000008004ef0                _Error_Handler
 .text.SystemClock_Config
                0x0000000008004f14       0xd8 build/main.o
                0x0000000008004f14                SystemClock_Config
 .text.main     0x0000000008004fec       0x60 build/main.o
                0x0000000008004fec                main
 .text.assert_failed
                0x000000000800504c        0x4 build/main.o
                0x000000000800504c                assert_failed
 .text.SVC_Handler
                0x0000000008005050        0x4 build/stm32f4xx_it.o
                0x0000000008005050                SVC_Handler
 .text.PendSV_Handler
                0x0000000008005054        0x4 build/stm32f4xx_it.o
                0x0000000008005054                PendSV_Handler
 .text.SysTick_Handler
                0x0000000008005058        0xc build/stm32f4xx_it.o
                0x0000000008005058                SysTick_Handler
 .text.DMA1_Stream1_IRQHandler
                0x0000000008005064       0x10 build/stm32f4xx_it.o
                0x0000000008005064                DMA1_Stream1_IRQHandler
 .text.DMA1_Stream2_IRQHandler
                0x0000000008005074       0x10 build/stm32f4xx_it.o
                0x0000000008005074                DMA1_Stream2_IRQHandler
 .text.DMA1_Stream4_IRQHandler
                0x0000000008005084       0x10 build/stm32f4xx_it.o
                0x0000000008005084                DMA1_Stream4_IRQHandler
 .text.DMA1_Stream5_IRQHandler
                0x0000000008005094       0x10 build/stm32f4xx_it.o
                0x0000000008005094                DMA1_Stream5_IRQHandler
 .text.DMA1_Stream6_IRQHandler
                0x00000000080050a4       0x10 build/stm32f4xx_it.o
                0x00000000080050a4                DMA1_Stream6_IRQHandler
 .text.DMA1_Stream7_IRQHandler
                0x00000000080050b4       0x10 build/stm32f4xx_it.o
                0x00000000080050b4                DMA1_Stream7_IRQHandler
 .text.DMA_CalcBaseAndBitshift
                0x00000000080050c4       0x3c build/stm32f4xx_hal_dma.o
 .text.DMA_CheckFifoParam
                0x0000000008005100       0x90 build/stm32f4xx_hal_dma.o
 .text.HAL_DMA_Init
                0x0000000008005190      0x274 build/stm32f4xx_hal_dma.o
                0x0000000008005190                HAL_DMA_Init
 .text.HAL_DMA_IRQHandler
                0x0000000008005404      0x1d8 build/stm32f4xx_hal_dma.o
                0x0000000008005404                HAL_DMA_IRQHandler
 .text.HAL_PWREx_EnableOverDrive
                0x00000000080055dc       0x84 build/stm32f4xx_hal_pwr_ex.o
                0x00000000080055dc                HAL_PWREx_EnableOverDrive
 .text.MX_DMA_Init
                0x0000000008005660       0x84 build/dma.o
                0x0000000008005660                MX_DMA_Init
 .text.Reset_Handler
                0x00000000080056e4       0x50 build/startup_stm32f446xx.o
                0x00000000080056e4                Reset_Handler
 .text.Default_Handler
                0x0000000008005734        0x2 build/startup_stm32f446xx.o
                0x0000000008005734                FMPI2C1_Error_IRQHandler
                0x0000000008005734                EXTI2_IRQHandler
                0x0000000008005734                TIM8_CC_IRQHandler
                0x0000000008005734                DebugMon_Handler
                0x0000000008005734                SPI4_IRQHandler
                0x0000000008005734                TIM1_CC_IRQHandler
                0x0000000008005734                DMA2_Stream5_IRQHandler
                0x0000000008005734                HardFault_Handler
                0x0000000008005734                PVD_IRQHandler
                0x0000000008005734                SDIO_IRQHandler
                0x0000000008005734                TAMP_STAMP_IRQHandler
                0x0000000008005734                NMI_Handler
                0x0000000008005734                CAN2_RX1_IRQHandler
                0x0000000008005734                EXTI3_IRQHandler
                0x0000000008005734                TIM8_TRG_COM_TIM14_IRQHandler
                0x0000000008005734                TIM1_UP_TIM10_IRQHandler
                0x0000000008005734                TIM8_UP_TIM13_IRQHandler
                0x0000000008005734                I2C3_ER_IRQHandler
                0x0000000008005734                FMPI2C1_Event_IRQHandler
                0x0000000008005734                EXTI0_IRQHandler
                0x0000000008005734                I2C2_EV_IRQHandler
                0x0000000008005734                CAN1_RX0_IRQHandler
                0x0000000008005734                FPU_IRQHandler
                0x0000000008005734                OTG_HS_WKUP_IRQHandler
                0x0000000008005734                UsageFault_Handler
                0x0000000008005734                CAN2_SCE_IRQHandler
                0x0000000008005734                DMA2_Stream2_IRQHandler
                0x0000000008005734                SPI1_IRQHandler
                0x0000000008005734                TIM6_DAC_IRQHandler
                0x0000000008005734                TIM1_BRK_TIM9_IRQHandler
                0x0000000008005734                DCMI_IRQHandler
                0x0000000008005734                CAN2_RX0_IRQHandler
                0x0000000008005734                DMA2_Stream3_IRQHandler
                0x0000000008005734                SAI2_IRQHandler
                0x0000000008005734                USART6_IRQHandler
                0x0000000008005734                USART3_IRQHandler
                0x0000000008005734                CAN1_RX1_IRQHandler
                0x0000000008005734                UART5_IRQHandler
                0x0000000008005734                DMA2_Stream0_IRQHandler
                0x0000000008005734                TIM4_IRQHandler
                0x0000000008005734                QUADSPI_IRQHandler
                0x0000000008005734                I2C1_EV_IRQHandler
                0x0000000008005734                UART4_IRQHandler
                0x0000000008005734                TIM3_IRQHandler
                0x0000000008005734                RCC_IRQHandler
                0x0000000008005734                TIM8_BRK_TIM12_IRQHandler
                0x0000000008005734                Default_Handler
                0x0000000008005734                CEC_IRQHandler
                0x0000000008005734                EXTI15_10_IRQHandler
                0x0000000008005734                ADC_IRQHandler
                0x0000000008005734                TIM7_IRQHandler
                0x0000000008005734                CAN2_TX_IRQHandler
                0x0000000008005734                TIM5_IRQHandler
                0x0000000008005734                DMA2_Stream7_IRQHandler
                0x0000000008005734                I2C3_EV_IRQHandler
                0x0000000008005734                EXTI9_5_IRQHandler
                0x0000000008005734                RTC_WKUP_IRQHandler
                0x0000000008005734                SPDIF_RX_IRQHandler
                0x0000000008005734                SPI2_IRQHandler
                0x0000000008005734                OTG_HS_EP1_IN_IRQHandler
                0x0000000008005734                MemManage_Handler
                0x0000000008005734                DMA1_Stream0_IRQHandler
                0x0000000008005734                CAN1_TX_IRQHandler
                0x0000000008005734                EXTI4_IRQHandler
                0x0000000008005734                OTG_HS_EP1_OUT_IRQHandler
                0x0000000008005734                WWDG_IRQHandler
                0x0000000008005734                TIM2_IRQHandler
                0x0000000008005734                OTG_FS_WKUP_IRQHandler
                0x0000000008005734                TIM1_TRG_COM_TIM11_IRQHandler
                0x0000000008005734                OTG_HS_IRQHandler
                0x0000000008005734                EXTI1_IRQHandler
                0x0000000008005734                USART2_IRQHandler
                0x0000000008005734                I2C2_ER_IRQHandler
                0x0000000008005734                DMA2_Stream1_IRQHandler
                0x0000000008005734                CAN1_SCE_IRQHandler
                0x0000000008005734                FLASH_IRQHandler
                0x0000000008005734                DMA2_Stream4_IRQHandler
                0x0000000008005734                BusFault_Handler
                0x0000000008005734                USART1_IRQHandler
                0x0000000008005734                OTG_FS_IRQHandler
                0x0000000008005734                SPI3_IRQHandler
                0x0000000008005734                I2C1_ER_IRQHandler
                0x0000000008005734                FMC_IRQHandler
                0x0000000008005734                DMA2_Stream6_IRQHandler
                0x0000000008005734                SAI1_IRQHandler
                0x0000000008005734                DMA1_Stream3_IRQHandler
                0x0000000008005734                RTC_Alarm_IRQHandler
 *(.glue_7)
 .glue_7        0x0000000000000000        0x0 linker stubs
 *(.glue_7t)
 .glue_7t       0x0000000000000000        0x0 linker stubs
 *(.eh_frame)
 *fill*         0x0000000008005736        0x2 
 .eh_frame      0x0000000008005738        0x0 /Users/justinng/Documents/Github/roborodentia2017/arm/lib/gcc/arm-none-eabi/4.9.1/crtbegin.o
 *(.init)
 .init          0x0000000008005738        0x4 /Users/justinng/Documents/Github/roborodentia2017/arm/lib/gcc/arm-none-eabi/4.9.1/crti.o
                0x0000000008005738                _init
 .init          0x000000000800573c        0x8 /Users/justinng/Documents/Github/roborodentia2017/arm/lib/gcc/arm-none-eabi/4.9.1/crtn.o
 *(.fini)
 .fini          0x0000000008005744        0x4 /Users/justinng/Documents/Github/roborodentia2017/arm/lib/gcc/arm-none-eabi/4.9.1/crti.o
                0x0000000008005744                _fini
 .fini          0x0000000008005748        0x8 /Users/justinng/Documents/Github/roborodentia2017/arm/lib/gcc/arm-none-eabi/4.9.1/crtn.o
                0x0000000008005750                . = ALIGN (0x4)
                0x0000000008005750                _etext = .

.vfp11_veneer   0x0000000008005750        0x0
 .vfp11_veneer  0x0000000000000000        0x0 linker stubs

.v4_bx          0x0000000008005750        0x0
 .v4_bx         0x0000000000000000        0x0 linker stubs

.iplt           0x0000000008005750        0x0
 .iplt          0x0000000000000000        0x0 /Users/justinng/Documents/Github/roborodentia2017/arm/lib/gcc/arm-none-eabi/4.9.1/crtbegin.o

.rodata         0x0000000008005750      0x26c
                0x0000000008005750                . = ALIGN (0x4)
 *(.rodata)
 .rodata        0x0000000008005750        0x4 /Users/justinng/Documents/Github/roborodentia2017/arm/lib/gcc/arm-none-eabi/4.9.1/../../../../arm-none-eabi/lib/libc.a(lib_a-impure.o)
                0x0000000008005750                _global_impure_ptr
 *(.rodata*)
 .rodata.str1.4
                0x0000000008005754        0xa build/i2c.o
                                          0xc (size before relaxing)
 *fill*         0x000000000800575e        0x2 
 .rodata.str1.4
                0x0000000008005760       0x38 build/stm32f4xx_hal_rcc_ex.o
 .rodata.AHBPrescTable
                0x0000000008005798       0x10 build/system_stm32f4xx.o
                0x0000000008005798                AHBPrescTable
 .rodata.APBPrescTable
                0x00000000080057a8        0x8 build/system_stm32f4xx.o
                0x00000000080057a8                APBPrescTable
 .rodata.str1.4
                0x00000000080057b0        0xa build/tim.o
                                          0xc (size before relaxing)
 *fill*         0x00000000080057ba        0x2 
 .rodata.str1.4
                0x00000000080057bc       0x38 build/stm32f4xx_hal_cortex.o
 .rodata.str1.4
                0x00000000080057f4       0x35 build/stm32f4xx_hal_rcc.o
                                         0x38 (size before relaxing)
 *fill*         0x0000000008005829        0x3 
 .rodata.str1.4
                0x000000000800582c       0x35 build/stm32f4xx_hal_i2c.o
                                         0x38 (size before relaxing)
 *fill*         0x0000000008005861        0x3 
 .rodata.str1.4
                0x0000000008005864       0x36 build/stm32f4xx_hal_gpio.o
                                         0x38 (size before relaxing)
 *fill*         0x000000000800589a        0x2 
 .rodata.str1.4
                0x000000000800589c       0x36 build/stm32f4xx_hal_uart.o
                                         0x38 (size before relaxing)
 *fill*         0x00000000080058d2        0x2 
 .rodata.str1.4
                0x00000000080058d4       0x35 build/stm32f4xx_hal_tim.o
                                         0x38 (size before relaxing)
 *fill*         0x0000000008005909        0x3 
 .rodata.str1.4
                0x000000000800590c        0xc build/usart.o
 .rodata.str1.4
                0x0000000008005918       0x38 build/stm32f4xx_hal_tim_ex.o
 .rodata.str1.4
                0x0000000008005950       0x23 build/main.o
                                         0x24 (size before relaxing)
 *fill*         0x0000000008005973        0x1 
 .rodata.str1.4
                0x0000000008005974       0x35 build/stm32f4xx_hal_dma.o
                                         0x38 (size before relaxing)
 *fill*         0x00000000080059a9        0x3 
 .rodata.flagBitshiftOffset.7837
                0x00000000080059ac        0x8 build/stm32f4xx_hal_dma.o
 .rodata.str1.4
                0x00000000080059b4        0x2 /Users/justinng/Documents/Github/roborodentia2017/arm/lib/gcc/arm-none-eabi/4.9.1/../../../../arm-none-eabi/lib/libc.a(lib_a-impure.o)
                                          0x4 (size before relaxing)
 *fill*         0x00000000080059b6        0x2 
 .rodata.str1.4
                0x00000000080059b8        0x4 /Users/justinng/Documents/Github/roborodentia2017/arm/lib/gcc/arm-none-eabi/4.9.1/../../../../arm-none-eabi/lib/libc.a(lib_a-puts.o)
                0x00000000080059bc                . = ALIGN (0x4)

.ARM.extab
 *(.ARM.extab* .gnu.linkonce.armextab.*)

.ARM            0x00000000080059bc        0x8
                0x00000000080059bc                __exidx_start = .
 *(.ARM.exidx*)
 .ARM.exidx     0x00000000080059bc        0x8 /Users/justinng/Documents/Github/roborodentia2017/arm/lib/gcc/arm-none-eabi/4.9.1/libgcc.a(_divdi3.o)
 .ARM.exidx     0x00000000080059c4        0x0 /Users/justinng/Documents/Github/roborodentia2017/arm/lib/gcc/arm-none-eabi/4.9.1/libgcc.a(_udivdi3.o)
                                          0x8 (size before relaxing)
                0x00000000080059c4                __exidx_end = .

.rel.dyn        0x00000000080059c4        0x0
 .rel.iplt      0x0000000000000000        0x0 /Users/justinng/Documents/Github/roborodentia2017/arm/lib/gcc/arm-none-eabi/4.9.1/crtbegin.o

.preinit_array  0x00000000080059c4        0x0
                0x00000000080059c4                PROVIDE (__preinit_array_start, .)
 *(.preinit_array*)
                0x00000000080059c4                PROVIDE (__preinit_array_end, .)

.init_array     0x00000000080059c4        0x4
                0x00000000080059c4                PROVIDE (__init_array_start, .)
 *(SORT(.init_array.*))
 *(.init_array*)
 .init_array    0x00000000080059c4        0x4 /Users/justinng/Documents/Github/roborodentia2017/arm/lib/gcc/arm-none-eabi/4.9.1/crtbegin.o
                0x00000000080059c8                PROVIDE (__init_array_end, .)

.fini_array     0x00000000080059c8        0x4
                0x00000000080059c8                PROVIDE (__fini_array_start, .)
 *(SORT(.fini_array.*))
 *(.fini_array*)
 .fini_array    0x00000000080059c8        0x4 /Users/justinng/Documents/Github/roborodentia2017/arm/lib/gcc/arm-none-eabi/4.9.1/crtbegin.o
                0x00000000080059cc                PROVIDE (__fini_array_end, .)
                0x00000000080059cc                _sidata = LOADADDR (.data)

.data           0x0000000020000000      0x844 load address 0x00000000080059cc
                0x0000000020000000                . = ALIGN (0x4)
                0x0000000020000000                _sdata = .
 *(.data)
 .data          0x0000000020000000      0x430 /Users/justinng/Documents/Github/roborodentia2017/arm/lib/gcc/arm-none-eabi/4.9.1/../../../../arm-none-eabi/lib/libc.a(lib_a-impure.o)
                0x0000000020000000                _impure_ptr
 .data          0x0000000020000430      0x410 /Users/justinng/Documents/Github/roborodentia2017/arm/lib/gcc/arm-none-eabi/4.9.1/../../../../arm-none-eabi/lib/libc.a(lib_a-mallocr.o)
                0x0000000020000430                __malloc_av_
                0x0000000020000838                __malloc_sbrk_base
                0x000000002000083c                __malloc_trim_threshold
 *(.data*)
 .data.SystemCoreClock
                0x0000000020000840        0x4 build/system_stm32f4xx.o
                0x0000000020000840                SystemCoreClock
                0x0000000020000844                . = ALIGN (0x4)
                0x0000000020000844                _edata = .

.jcr            0x0000000020000844        0x0 load address 0x0000000008006210
 .jcr           0x0000000020000844        0x0 /Users/justinng/Documents/Github/roborodentia2017/arm/lib/gcc/arm-none-eabi/4.9.1/crtbegin.o

.tm_clone_table
                0x0000000020000844        0x0 load address 0x0000000008006210
 .tm_clone_table
                0x0000000020000844        0x0 /Users/justinng/Documents/Github/roborodentia2017/arm/lib/gcc/arm-none-eabi/4.9.1/crtbegin.o
 .tm_clone_table
                0x0000000020000844        0x0 /Users/justinng/Documents/Github/roborodentia2017/arm/lib/gcc/arm-none-eabi/4.9.1/crtend.o

.igot.plt       0x0000000020000844        0x0 load address 0x0000000008006210
 .igot.plt      0x0000000000000000        0x0 /Users/justinng/Documents/Github/roborodentia2017/arm/lib/gcc/arm-none-eabi/4.9.1/crtbegin.o
                0x0000000020000844                . = ALIGN (0x4)

.bss            0x0000000020000844      0x438 load address 0x0000000008006210
                0x0000000020000844                _sbss = .
                0x0000000020000844                __bss_start__ = _sbss
 *(.bss)
 .bss           0x0000000020000844       0x1c /Users/justinng/Documents/Github/roborodentia2017/arm/lib/gcc/arm-none-eabi/4.9.1/crtbegin.o
 .bss           0x0000000020000860       0x34 /Users/justinng/Documents/Github/roborodentia2017/arm/lib/gcc/arm-none-eabi/4.9.1/../../../../arm-none-eabi/lib/libc.a(lib_a-mallocr.o)
                0x0000000020000860                __malloc_top_pad
                0x0000000020000864                __malloc_current_mallinfo
                0x000000002000088c                __malloc_max_sbrked_mem
                0x0000000020000890                __malloc_max_total_mem
 .bss           0x0000000020000894        0x4 /Users/justinng/Documents/Github/roborodentia2017/arm/lib/gcc/arm-none-eabi/4.9.1/../../../../arm-none-eabi/lib/libnosys.a(sbrk.o)
 *(.bss*)
 *(COMMON)
 COMMON         0x0000000020000898        0x4 build/stm32f4xx_hal.o
                0x0000000020000898                uwTick
 COMMON         0x000000002000089c      0x228 build/i2c.o
                0x000000002000089c                hdma_i2c3_tx
                0x00000000200008fc                hi2c3
                0x0000000020000950                hdma_i2c3_rx
                0x00000000200009b0                hi2c2
                0x0000000020000a04                hdma_i2c2_rx
                0x0000000020000a64                hdma_i2c2_tx
 COMMON         0x0000000020000ac4       0xb4 build/tim.o
                0x0000000020000ac4                htim4
                0x0000000020000b00                htim3
                0x0000000020000b3c                htim12
 COMMON         0x0000000020000b78      0x100 build/usart.o
                0x0000000020000b78                hdma_usart2_rx
                0x0000000020000bd8                hdma_usart2_tx
                0x0000000020000c38                huart2
 COMMON         0x0000000020000c78        0x4 /Users/justinng/Documents/Github/roborodentia2017/arm/lib/gcc/arm-none-eabi/4.9.1/../../../../arm-none-eabi/lib/libc.a(lib_a-reent.o)
                0x0000000020000c78                errno
                0x0000000020000c7c                . = ALIGN (0x4)
                0x0000000020000c7c                _ebss = .
                0x0000000020000c7c                __bss_end__ = _ebss

._user_heap_stack
                0x0000000020000c7c      0x604 load address 0x0000000008006210
                0x0000000020000c80                . = ALIGN (0x8)
 *fill*         0x0000000020000c7c        0x4 
                0x0000000020000c80                PROVIDE (end, .)
                0x0000000020000c80                PROVIDE (_end, .)
                0x0000000020000e80                . = (. + _Min_Heap_Size)
 *fill*         0x0000000020000c80      0x200 
                0x0000000020001280                . = (. + _Min_Stack_Size)
 *fill*         0x0000000020000e80      0x400 
                0x0000000020001280                . = ALIGN (0x8)

/DISCARD/
 libc.a(*)
 libm.a(*)
 libgcc.a(*)

.ARM.attributes
                0x0000000000000000       0x35
 *(.ARM.attributes)
 .ARM.attributes
                0x0000000000000000       0x27 /Users/justinng/Documents/Github/roborodentia2017/arm/lib/gcc/arm-none-eabi/4.9.1/crti.o
 .ARM.attributes
                0x0000000000000027       0x39 /Users/justinng/Documents/Github/roborodentia2017/arm/lib/gcc/arm-none-eabi/4.9.1/crtbegin.o
 .ARM.attributes
                0x0000000000000060       0x39 build/stm32f4xx_hal.o
 .ARM.attributes
                0x0000000000000099       0x39 build/i2c.o
 .ARM.attributes
                0x00000000000000d2       0x39 build/stm32f4xx_hal_rcc_ex.o
 .ARM.attributes
                0x000000000000010b       0x39 build/system_stm32f4xx.o
 .ARM.attributes
                0x0000000000000144       0x39 build/tim.o
 .ARM.attributes
                0x000000000000017d       0x39 build/stm32f4xx_hal_cortex.o
 .ARM.attributes
                0x00000000000001b6       0x39 build/stm32f4xx_hal_rcc.o
 .ARM.attributes
                0x00000000000001ef       0x39 build/stm32f4xx_hal_i2c.o
 .ARM.attributes
                0x0000000000000228       0x39 build/stm32f4xx_hal_gpio.o
 .ARM.attributes
                0x0000000000000261       0x39 build/stm32f4xx_hal_uart.o
 .ARM.attributes
                0x000000000000029a       0x39 build/stm32f4xx_hal_tim.o
 .ARM.attributes
                0x00000000000002d3       0x39 build/gpio.o
 .ARM.attributes
                0x000000000000030c       0x39 build/stm32f4xx_hal_msp.o
 .ARM.attributes
                0x0000000000000345       0x39 build/usart.o
 .ARM.attributes
                0x000000000000037e       0x39 build/stm32f4xx_hal_tim_ex.o
 .ARM.attributes
                0x00000000000003b7       0x39 build/main.o
 .ARM.attributes
                0x00000000000003f0       0x39 build/stm32f4xx_it.o
 .ARM.attributes
                0x0000000000000429       0x39 build/stm32f4xx_hal_dma.o
 .ARM.attributes
                0x0000000000000462       0x39 build/stm32f4xx_hal_pwr_ex.o
 .ARM.attributes
                0x000000000000049b       0x39 build/dma.o
 .ARM.attributes
                0x00000000000004d4       0x21 build/startup_stm32f446xx.o
 .ARM.attributes
                0x00000000000004f5       0x39 /Users/justinng/Documents/Github/roborodentia2017/arm/lib/gcc/arm-none-eabi/4.9.1/../../../../arm-none-eabi/lib/libc.a(lib_a-impure.o)
 .ARM.attributes
                0x000000000000052e       0x39 /Users/justinng/Documents/Github/roborodentia2017/arm/lib/gcc/arm-none-eabi/4.9.1/../../../../arm-none-eabi/lib/libc.a(lib_a-init.o)
 .ARM.attributes
                0x0000000000000567       0x39 /Users/justinng/Documents/Github/roborodentia2017/arm/lib/gcc/arm-none-eabi/4.9.1/../../../../arm-none-eabi/lib/libc.a(lib_a-memset.o)
 .ARM.attributes
                0x00000000000005a0       0x39 /Users/justinng/Documents/Github/roborodentia2017/arm/lib/gcc/arm-none-eabi/4.9.1/../../../../arm-none-eabi/lib/libc.a(lib_a-puts.o)
 .ARM.attributes
                0x00000000000005d9       0x39 /Users/justinng/Documents/Github/roborodentia2017/arm/lib/gcc/arm-none-eabi/4.9.1/../../../../arm-none-eabi/lib/libc.a(lib_a-strlen.o)
 .ARM.attributes
                0x0000000000000612       0x39 /Users/justinng/Documents/Github/roborodentia2017/arm/lib/gcc/arm-none-eabi/4.9.1/../../../../arm-none-eabi/lib/libc.a(lib_a-fvwrite.o)
 .ARM.attributes
                0x000000000000064b       0x39 /Users/justinng/Documents/Github/roborodentia2017/arm/lib/gcc/arm-none-eabi/4.9.1/../../../../arm-none-eabi/lib/libc.a(lib_a-mallocr.o)
 .ARM.attributes
                0x0000000000000684       0x39 /Users/justinng/Documents/Github/roborodentia2017/arm/lib/gcc/arm-none-eabi/4.9.1/../../../../arm-none-eabi/lib/libc.a(lib_a-memchr-stub.o)
 .ARM.attributes
                0x00000000000006bd       0x25 /Users/justinng/Documents/Github/roborodentia2017/arm/lib/gcc/arm-none-eabi/4.9.1/../../../../arm-none-eabi/lib/libc.a(lib_a-memcpy.o)
 .ARM.attributes
                0x00000000000006e2       0x39 /Users/justinng/Documents/Github/roborodentia2017/arm/lib/gcc/arm-none-eabi/4.9.1/../../../../arm-none-eabi/lib/libc.a(lib_a-memmove.o)
 .ARM.attributes
                0x000000000000071b       0x39 /Users/justinng/Documents/Github/roborodentia2017/arm/lib/gcc/arm-none-eabi/4.9.1/../../../../arm-none-eabi/lib/libc.a(lib_a-mlock.o)
 .ARM.attributes
                0x0000000000000754       0x39 /Users/justinng/Documents/Github/roborodentia2017/arm/lib/gcc/arm-none-eabi/4.9.1/../../../../arm-none-eabi/lib/libc.a(lib_a-reallocr.o)
 .ARM.attributes
                0x000000000000078d       0x39 /Users/justinng/Documents/Github/roborodentia2017/arm/lib/gcc/arm-none-eabi/4.9.1/../../../../arm-none-eabi/lib/libc.a(lib_a-sbrkr.o)
 .ARM.attributes
                0x00000000000007c6       0x39 /Users/justinng/Documents/Github/roborodentia2017/arm/lib/gcc/arm-none-eabi/4.9.1/../../../../arm-none-eabi/lib/libc.a(lib_a-wsetup.o)
 .ARM.attributes
                0x00000000000007ff       0x39 /Users/justinng/Documents/Github/roborodentia2017/arm/lib/gcc/arm-none-eabi/4.9.1/../../../../arm-none-eabi/lib/libc.a(lib_a-fflush.o)
 .ARM.attributes
                0x0000000000000838       0x39 /Users/justinng/Documents/Github/roborodentia2017/arm/lib/gcc/arm-none-eabi/4.9.1/../../../../arm-none-eabi/lib/libc.a(lib_a-findfp.o)
 .ARM.attributes
                0x0000000000000871       0x39 /Users/justinng/Documents/Github/roborodentia2017/arm/lib/gcc/arm-none-eabi/4.9.1/../../../../arm-none-eabi/lib/libc.a(lib_a-freer.o)
 .ARM.attributes
                0x00000000000008aa       0x39 /Users/justinng/Documents/Github/roborodentia2017/arm/lib/gcc/arm-none-eabi/4.9.1/../../../../arm-none-eabi/lib/libc.a(lib_a-fwalk.o)
 .ARM.attributes
                0x00000000000008e3       0x39 /Users/justinng/Documents/Github/roborodentia2017/arm/lib/gcc/arm-none-eabi/4.9.1/../../../../arm-none-eabi/lib/libc.a(lib_a-makebuf.o)
 .ARM.attributes
                0x000000000000091c       0x39 /Users/justinng/Documents/Github/roborodentia2017/arm/lib/gcc/arm-none-eabi/4.9.1/../../../../arm-none-eabi/lib/libc.a(lib_a-reent.o)
 .ARM.attributes
                0x0000000000000955       0x39 /Users/justinng/Documents/Github/roborodentia2017/arm/lib/gcc/arm-none-eabi/4.9.1/../../../../arm-none-eabi/lib/libc.a(lib_a-stdio.o)
 .ARM.attributes
                0x000000000000098e       0x39 /Users/justinng/Documents/Github/roborodentia2017/arm/lib/gcc/arm-none-eabi/4.9.1/../../../../arm-none-eabi/lib/libc.a(lib_a-writer.o)
 .ARM.attributes
                0x00000000000009c7       0x39 /Users/justinng/Documents/Github/roborodentia2017/arm/lib/gcc/arm-none-eabi/4.9.1/../../../../arm-none-eabi/lib/libc.a(lib_a-closer.o)
 .ARM.attributes
                0x0000000000000a00       0x39 /Users/justinng/Documents/Github/roborodentia2017/arm/lib/gcc/arm-none-eabi/4.9.1/../../../../arm-none-eabi/lib/libc.a(lib_a-fclose.o)
 .ARM.attributes
                0x0000000000000a39       0x39 /Users/justinng/Documents/Github/roborodentia2017/arm/lib/gcc/arm-none-eabi/4.9.1/../../../../arm-none-eabi/lib/libc.a(lib_a-fstatr.o)
 .ARM.attributes
                0x0000000000000a72       0x39 /Users/justinng/Documents/Github/roborodentia2017/arm/lib/gcc/arm-none-eabi/4.9.1/../../../../arm-none-eabi/lib/libc.a(lib_a-isattyr.o)
 .ARM.attributes
                0x0000000000000aab       0x39 /Users/justinng/Documents/Github/roborodentia2017/arm/lib/gcc/arm-none-eabi/4.9.1/../../../../arm-none-eabi/lib/libc.a(lib_a-lseekr.o)
 .ARM.attributes
                0x0000000000000ae4       0x39 /Users/justinng/Documents/Github/roborodentia2017/arm/lib/gcc/arm-none-eabi/4.9.1/../../../../arm-none-eabi/lib/libc.a(lib_a-readr.o)
 .ARM.attributes
                0x0000000000000b1d       0x39 /Users/justinng/Documents/Github/roborodentia2017/arm/lib/gcc/arm-none-eabi/4.9.1/../../../../arm-none-eabi/lib/libnosys.a(close.o)
 .ARM.attributes
                0x0000000000000b56       0x39 /Users/justinng/Documents/Github/roborodentia2017/arm/lib/gcc/arm-none-eabi/4.9.1/../../../../arm-none-eabi/lib/libnosys.a(fstat.o)
 .ARM.attributes
                0x0000000000000b8f       0x39 /Users/justinng/Documents/Github/roborodentia2017/arm/lib/gcc/arm-none-eabi/4.9.1/../../../../arm-none-eabi/lib/libnosys.a(isatty.o)
 .ARM.attributes
                0x0000000000000bc8       0x39 /Users/justinng/Documents/Github/roborodentia2017/arm/lib/gcc/arm-none-eabi/4.9.1/../../../../arm-none-eabi/lib/libnosys.a(lseek.o)
 .ARM.attributes
                0x0000000000000c01       0x39 /Users/justinng/Documents/Github/roborodentia2017/arm/lib/gcc/arm-none-eabi/4.9.1/../../../../arm-none-eabi/lib/libnosys.a(read.o)
 .ARM.attributes
                0x0000000000000c3a       0x39 /Users/justinng/Documents/Github/roborodentia2017/arm/lib/gcc/arm-none-eabi/4.9.1/../../../../arm-none-eabi/lib/libnosys.a(sbrk.o)
 .ARM.attributes
                0x0000000000000c73       0x39 /Users/justinng/Documents/Github/roborodentia2017/arm/lib/gcc/arm-none-eabi/4.9.1/../../../../arm-none-eabi/lib/libnosys.a(write.o)
 .ARM.attributes
                0x0000000000000cac       0x27 /Users/justinng/Documents/Github/roborodentia2017/arm/lib/gcc/arm-none-eabi/4.9.1/libgcc.a(_aeabi_uldivmod.o)
 .ARM.attributes
                0x0000000000000cd3       0x39 /Users/justinng/Documents/Github/roborodentia2017/arm/lib/gcc/arm-none-eabi/4.9.1/libgcc.a(bpabi.o)
 .ARM.attributes
                0x0000000000000d0c       0x27 /Users/justinng/Documents/Github/roborodentia2017/arm/lib/gcc/arm-none-eabi/4.9.1/libgcc.a(_dvmd_tls.o)
 .ARM.attributes
                0x0000000000000d33       0x39 /Users/justinng/Documents/Github/roborodentia2017/arm/lib/gcc/arm-none-eabi/4.9.1/libgcc.a(_divdi3.o)
 .ARM.attributes
                0x0000000000000d6c       0x39 /Users/justinng/Documents/Github/roborodentia2017/arm/lib/gcc/arm-none-eabi/4.9.1/libgcc.a(_udivdi3.o)
 .ARM.attributes
                0x0000000000000da5       0x39 /Users/justinng/Documents/Github/roborodentia2017/arm/lib/gcc/arm-none-eabi/4.9.1/crtend.o
 .ARM.attributes
                0x0000000000000dde       0x27 /Users/justinng/Documents/Github/roborodentia2017/arm/lib/gcc/arm-none-eabi/4.9.1/crtn.o
OUTPUT(build/firmware_new.elf elf32-littlearm)

.comment        0x0000000000000000       0x11
 .comment       0x0000000000000000       0x11 /Users/justinng/Documents/Github/roborodentia2017/arm/lib/gcc/arm-none-eabi/4.9.1/crtbegin.o
                                         0x12 (size before relaxing)
 .comment       0x0000000000000000       0x12 build/stm32f4xx_hal.o
 .comment       0x0000000000000000       0x12 build/i2c.o
 .comment       0x0000000000000000       0x12 build/stm32f4xx_hal_rcc_ex.o
 .comment       0x0000000000000000       0x12 build/system_stm32f4xx.o
 .comment       0x0000000000000000       0x12 build/tim.o
 .comment       0x0000000000000000       0x12 build/stm32f4xx_hal_cortex.o
 .comment       0x0000000000000000       0x12 build/stm32f4xx_hal_rcc.o
 .comment       0x0000000000000000       0x12 build/stm32f4xx_hal_i2c.o
 .comment       0x0000000000000000       0x12 build/stm32f4xx_hal_gpio.o
 .comment       0x0000000000000000       0x12 build/stm32f4xx_hal_uart.o
 .comment       0x0000000000000000       0x12 build/stm32f4xx_hal_tim.o
 .comment       0x0000000000000000       0x12 build/gpio.o
 .comment       0x0000000000000000       0x12 build/stm32f4xx_hal_msp.o
 .comment       0x0000000000000000       0x12 build/usart.o
 .comment       0x0000000000000000       0x12 build/stm32f4xx_hal_tim_ex.o
 .comment       0x0000000000000000       0x12 build/main.o
 .comment       0x0000000000000000       0x12 build/stm32f4xx_it.o
 .comment       0x0000000000000000       0x12 build/stm32f4xx_hal_dma.o
 .comment       0x0000000000000000       0x12 build/stm32f4xx_hal_pwr_ex.o
 .comment       0x0000000000000000       0x12 build/dma.o
 .comment       0x0000000000000000       0x12 /Users/justinng/Documents/Github/roborodentia2017/arm/lib/gcc/arm-none-eabi/4.9.1/../../../../arm-none-eabi/lib/libc.a(lib_a-impure.o)
 .comment       0x0000000000000000       0x12 /Users/justinng/Documents/Github/roborodentia2017/arm/lib/gcc/arm-none-eabi/4.9.1/../../../../arm-none-eabi/lib/libc.a(lib_a-init.o)
 .comment       0x0000000000000000       0x12 /Users/justinng/Documents/Github/roborodentia2017/arm/lib/gcc/arm-none-eabi/4.9.1/../../../../arm-none-eabi/lib/libc.a(lib_a-memset.o)
 .comment       0x0000000000000000       0x12 /Users/justinng/Documents/Github/roborodentia2017/arm/lib/gcc/arm-none-eabi/4.9.1/../../../../arm-none-eabi/lib/libc.a(lib_a-puts.o)
 .comment       0x0000000000000000       0x12 /Users/justinng/Documents/Github/roborodentia2017/arm/lib/gcc/arm-none-eabi/4.9.1/../../../../arm-none-eabi/lib/libc.a(lib_a-strlen.o)
 .comment       0x0000000000000000       0x12 /Users/justinng/Documents/Github/roborodentia2017/arm/lib/gcc/arm-none-eabi/4.9.1/../../../../arm-none-eabi/lib/libc.a(lib_a-fvwrite.o)
 .comment       0x0000000000000000       0x12 /Users/justinng/Documents/Github/roborodentia2017/arm/lib/gcc/arm-none-eabi/4.9.1/../../../../arm-none-eabi/lib/libc.a(lib_a-mallocr.o)
 .comment       0x0000000000000000       0x12 /Users/justinng/Documents/Github/roborodentia2017/arm/lib/gcc/arm-none-eabi/4.9.1/../../../../arm-none-eabi/lib/libc.a(lib_a-memchr-stub.o)
 .comment       0x0000000000000000       0x12 /Users/justinng/Documents/Github/roborodentia2017/arm/lib/gcc/arm-none-eabi/4.9.1/../../../../arm-none-eabi/lib/libc.a(lib_a-memmove.o)
 .comment       0x0000000000000000       0x12 /Users/justinng/Documents/Github/roborodentia2017/arm/lib/gcc/arm-none-eabi/4.9.1/../../../../arm-none-eabi/lib/libc.a(lib_a-mlock.o)
 .comment       0x0000000000000000       0x12 /Users/justinng/Documents/Github/roborodentia2017/arm/lib/gcc/arm-none-eabi/4.9.1/../../../../arm-none-eabi/lib/libc.a(lib_a-reallocr.o)
 .comment       0x0000000000000000       0x12 /Users/justinng/Documents/Github/roborodentia2017/arm/lib/gcc/arm-none-eabi/4.9.1/../../../../arm-none-eabi/lib/libc.a(lib_a-sbrkr.o)
 .comment       0x0000000000000000       0x12 /Users/justinng/Documents/Github/roborodentia2017/arm/lib/gcc/arm-none-eabi/4.9.1/../../../../arm-none-eabi/lib/libc.a(lib_a-wsetup.o)
 .comment       0x0000000000000000       0x12 /Users/justinng/Documents/Github/roborodentia2017/arm/lib/gcc/arm-none-eabi/4.9.1/../../../../arm-none-eabi/lib/libc.a(lib_a-fflush.o)
 .comment       0x0000000000000000       0x12 /Users/justinng/Documents/Github/roborodentia2017/arm/lib/gcc/arm-none-eabi/4.9.1/../../../../arm-none-eabi/lib/libc.a(lib_a-findfp.o)
 .comment       0x0000000000000000       0x12 /Users/justinng/Documents/Github/roborodentia2017/arm/lib/gcc/arm-none-eabi/4.9.1/../../../../arm-none-eabi/lib/libc.a(lib_a-freer.o)
 .comment       0x0000000000000000       0x12 /Users/justinng/Documents/Github/roborodentia2017/arm/lib/gcc/arm-none-eabi/4.9.1/../../../../arm-none-eabi/lib/libc.a(lib_a-fwalk.o)
 .comment       0x0000000000000000       0x12 /Users/justinng/Documents/Github/roborodentia2017/arm/lib/gcc/arm-none-eabi/4.9.1/../../../../arm-none-eabi/lib/libc.a(lib_a-makebuf.o)
 .comment       0x0000000000000000       0x12 /Users/justinng/Documents/Github/roborodentia2017/arm/lib/gcc/arm-none-eabi/4.9.1/../../../../arm-none-eabi/lib/libc.a(lib_a-reent.o)
 .comment       0x0000000000000000       0x12 /Users/justinng/Documents/Github/roborodentia2017/arm/lib/gcc/arm-none-eabi/4.9.1/../../../../arm-none-eabi/lib/libc.a(lib_a-stdio.o)
 .comment       0x0000000000000000       0x12 /Users/justinng/Documents/Github/roborodentia2017/arm/lib/gcc/arm-none-eabi/4.9.1/../../../../arm-none-eabi/lib/libc.a(lib_a-writer.o)
 .comment       0x0000000000000000       0x12 /Users/justinng/Documents/Github/roborodentia2017/arm/lib/gcc/arm-none-eabi/4.9.1/../../../../arm-none-eabi/lib/libc.a(lib_a-closer.o)
 .comment       0x0000000000000000       0x12 /Users/justinng/Documents/Github/roborodentia2017/arm/lib/gcc/arm-none-eabi/4.9.1/../../../../arm-none-eabi/lib/libc.a(lib_a-fclose.o)
 .comment       0x0000000000000000       0x12 /Users/justinng/Documents/Github/roborodentia2017/arm/lib/gcc/arm-none-eabi/4.9.1/../../../../arm-none-eabi/lib/libc.a(lib_a-fstatr.o)
 .comment       0x0000000000000000       0x12 /Users/justinng/Documents/Github/roborodentia2017/arm/lib/gcc/arm-none-eabi/4.9.1/../../../../arm-none-eabi/lib/libc.a(lib_a-isattyr.o)
 .comment       0x0000000000000000       0x12 /Users/justinng/Documents/Github/roborodentia2017/arm/lib/gcc/arm-none-eabi/4.9.1/../../../../arm-none-eabi/lib/libc.a(lib_a-lseekr.o)
 .comment       0x0000000000000000       0x12 /Users/justinng/Documents/Github/roborodentia2017/arm/lib/gcc/arm-none-eabi/4.9.1/../../../../arm-none-eabi/lib/libc.a(lib_a-readr.o)
 .comment       0x0000000000000000       0x12 /Users/justinng/Documents/Github/roborodentia2017/arm/lib/gcc/arm-none-eabi/4.9.1/../../../../arm-none-eabi/lib/libnosys.a(close.o)
 .comment       0x0000000000000000       0x12 /Users/justinng/Documents/Github/roborodentia2017/arm/lib/gcc/arm-none-eabi/4.9.1/../../../../arm-none-eabi/lib/libnosys.a(fstat.o)
 .comment       0x0000000000000000       0x12 /Users/justinng/Documents/Github/roborodentia2017/arm/lib/gcc/arm-none-eabi/4.9.1/../../../../arm-none-eabi/lib/libnosys.a(isatty.o)
 .comment       0x0000000000000000       0x12 /Users/justinng/Documents/Github/roborodentia2017/arm/lib/gcc/arm-none-eabi/4.9.1/../../../../arm-none-eabi/lib/libnosys.a(lseek.o)
 .comment       0x0000000000000000       0x12 /Users/justinng/Documents/Github/roborodentia2017/arm/lib/gcc/arm-none-eabi/4.9.1/../../../../arm-none-eabi/lib/libnosys.a(read.o)
 .comment       0x0000000000000000       0x12 /Users/justinng/Documents/Github/roborodentia2017/arm/lib/gcc/arm-none-eabi/4.9.1/../../../../arm-none-eabi/lib/libnosys.a(sbrk.o)
 .comment       0x0000000000000000       0x12 /Users/justinng/Documents/Github/roborodentia2017/arm/lib/gcc/arm-none-eabi/4.9.1/../../../../arm-none-eabi/lib/libnosys.a(write.o)
 .comment       0x0000000000000000       0x12 /Users/justinng/Documents/Github/roborodentia2017/arm/lib/gcc/arm-none-eabi/4.9.1/libgcc.a(bpabi.o)
 .comment       0x0000000000000000       0x12 /Users/justinng/Documents/Github/roborodentia2017/arm/lib/gcc/arm-none-eabi/4.9.1/libgcc.a(_divdi3.o)
 .comment       0x0000000000000000       0x12 /Users/justinng/Documents/Github/roborodentia2017/arm/lib/gcc/arm-none-eabi/4.9.1/libgcc.a(_udivdi3.o)
 .comment       0x0000000000000000       0x12 /Users/justinng/Documents/Github/roborodentia2017/arm/lib/gcc/arm-none-eabi/4.9.1/crtend.o

.debug_info     0x0000000000000000    0x2596d
 .debug_info    0x0000000000000000      0x9f2 build/stm32f4xx_hal.o
 .debug_info    0x00000000000009f2      0xdbb build/i2c.o
 .debug_info    0x00000000000017ad      0xfb1 build/stm32f4xx_hal_rcc_ex.o
 .debug_info    0x000000000000275e      0x585 build/system_stm32f4xx.o
 .debug_info    0x0000000000002ce3     0x11f1 build/tim.o
 .debug_info    0x0000000000003ed4     0x12ab build/stm32f4xx_hal_cortex.o
 .debug_info    0x000000000000517f      0xdf4 build/stm32f4xx_hal_rcc.o
 .debug_info    0x0000000000005f73     0x32e6 build/stm32f4xx_hal_i2c.o
 .debug_info    0x0000000000009259      0x97a build/stm32f4xx_hal_gpio.o
 .debug_info    0x0000000000009bd3     0x1b35 build/stm32f4xx_hal_uart.o
 .debug_info    0x000000000000b708     0x4630 build/stm32f4xx_hal_tim.o
 .debug_info    0x000000000000fd38      0x5da build/gpio.o
 .debug_info    0x0000000000010312      0x449 build/stm32f4xx_hal_msp.o
 .debug_info    0x000000000001075b      0xb48 build/usart.o
 .debug_info    0x00000000000112a3     0x1a94 build/stm32f4xx_hal_tim_ex.o
 .debug_info    0x0000000000012d37      0xbc7 build/main.o
 .debug_info    0x00000000000138fe      0x4ef build/stm32f4xx_it.o
 .debug_info    0x0000000000013ded      0xcb7 build/stm32f4xx_hal_dma.o
 .debug_info    0x0000000000014aa4      0x8aa build/stm32f4xx_hal_pwr_ex.o
 .debug_info    0x000000000001534e      0x6dc build/dma.o
 .debug_info    0x0000000000015a2a       0x77 build/startup_stm32f446xx.o
 .debug_info    0x0000000000015aa1      0x890 /Users/justinng/Documents/Github/roborodentia2017/arm/lib/gcc/arm-none-eabi/4.9.1/../../../../arm-none-eabi/lib/libc.a(lib_a-impure.o)
 .debug_info    0x0000000000016331      0x101 /Users/justinng/Documents/Github/roborodentia2017/arm/lib/gcc/arm-none-eabi/4.9.1/../../../../arm-none-eabi/lib/libc.a(lib_a-init.o)
 .debug_info    0x0000000000016432      0x113 /Users/justinng/Documents/Github/roborodentia2017/arm/lib/gcc/arm-none-eabi/4.9.1/../../../../arm-none-eabi/lib/libc.a(lib_a-memset.o)
 .debug_info    0x0000000000016545      0xa12 /Users/justinng/Documents/Github/roborodentia2017/arm/lib/gcc/arm-none-eabi/4.9.1/../../../../arm-none-eabi/lib/libc.a(lib_a-puts.o)
 .debug_info    0x0000000000016f57       0xb1 /Users/justinng/Documents/Github/roborodentia2017/arm/lib/gcc/arm-none-eabi/4.9.1/../../../../arm-none-eabi/lib/libc.a(lib_a-strlen.o)
 .debug_info    0x0000000000017008      0xc63 /Users/justinng/Documents/Github/roborodentia2017/arm/lib/gcc/arm-none-eabi/4.9.1/../../../../arm-none-eabi/lib/libc.a(lib_a-fvwrite.o)
 .debug_info    0x0000000000017c6b      0xd8a /Users/justinng/Documents/Github/roborodentia2017/arm/lib/gcc/arm-none-eabi/4.9.1/../../../../arm-none-eabi/lib/libc.a(lib_a-mallocr.o)
 .debug_info    0x00000000000189f5      0x125 /Users/justinng/Documents/Github/roborodentia2017/arm/lib/gcc/arm-none-eabi/4.9.1/../../../../arm-none-eabi/lib/libc.a(lib_a-memchr-stub.o)
 .debug_info    0x0000000000018b1a      0x104 /Users/justinng/Documents/Github/roborodentia2017/arm/lib/gcc/arm-none-eabi/4.9.1/../../../../arm-none-eabi/lib/libc.a(lib_a-memcpy.o)
 .debug_info    0x0000000000018c1e      0x12d /Users/justinng/Documents/Github/roborodentia2017/arm/lib/gcc/arm-none-eabi/4.9.1/../../../../arm-none-eabi/lib/libc.a(lib_a-memmove.o)
 .debug_info    0x0000000000018d4b      0x8b0 /Users/justinng/Documents/Github/roborodentia2017/arm/lib/gcc/arm-none-eabi/4.9.1/../../../../arm-none-eabi/lib/libc.a(lib_a-mlock.o)
 .debug_info    0x00000000000195fb      0xcbc /Users/justinng/Documents/Github/roborodentia2017/arm/lib/gcc/arm-none-eabi/4.9.1/../../../../arm-none-eabi/lib/libc.a(lib_a-reallocr.o)
 .debug_info    0x000000000001a2b7      0x8f0 /Users/justinng/Documents/Github/roborodentia2017/arm/lib/gcc/arm-none-eabi/4.9.1/../../../../arm-none-eabi/lib/libc.a(lib_a-sbrkr.o)
 .debug_info    0x000000000001aba7      0x93b /Users/justinng/Documents/Github/roborodentia2017/arm/lib/gcc/arm-none-eabi/4.9.1/../../../../arm-none-eabi/lib/libc.a(lib_a-wsetup.o)
 .debug_info    0x000000000001b4e2      0xab0 /Users/justinng/Documents/Github/roborodentia2017/arm/lib/gcc/arm-none-eabi/4.9.1/../../../../arm-none-eabi/lib/libc.a(lib_a-fflush.o)
 .debug_info    0x000000000001bf92      0xd6a /Users/justinng/Documents/Github/roborodentia2017/arm/lib/gcc/arm-none-eabi/4.9.1/../../../../arm-none-eabi/lib/libc.a(lib_a-findfp.o)
 .debug_info    0x000000000001ccfc      0xc1c /Users/justinng/Documents/Github/roborodentia2017/arm/lib/gcc/arm-none-eabi/4.9.1/../../../../arm-none-eabi/lib/libc.a(lib_a-freer.o)
 .debug_info    0x000000000001d918      0x99e /Users/justinng/Documents/Github/roborodentia2017/arm/lib/gcc/arm-none-eabi/4.9.1/../../../../arm-none-eabi/lib/libc.a(lib_a-fwalk.o)
 .debug_info    0x000000000001e2b6      0xae6 /Users/justinng/Documents/Github/roborodentia2017/arm/lib/gcc/arm-none-eabi/4.9.1/../../../../arm-none-eabi/lib/libc.a(lib_a-makebuf.o)
 .debug_info    0x000000000001ed9c      0x9f7 /Users/justinng/Documents/Github/roborodentia2017/arm/lib/gcc/arm-none-eabi/4.9.1/../../../../arm-none-eabi/lib/libc.a(lib_a-reent.o)
 .debug_info    0x000000000001f793      0xb8a /Users/justinng/Documents/Github/roborodentia2017/arm/lib/gcc/arm-none-eabi/4.9.1/../../../../arm-none-eabi/lib/libc.a(lib_a-stdio.o)
 .debug_info    0x000000000002031d      0x925 /Users/justinng/Documents/Github/roborodentia2017/arm/lib/gcc/arm-none-eabi/4.9.1/../../../../arm-none-eabi/lib/libc.a(lib_a-writer.o)
 .debug_info    0x0000000000020c42      0x8dc /Users/justinng/Documents/Github/roborodentia2017/arm/lib/gcc/arm-none-eabi/4.9.1/../../../../arm-none-eabi/lib/libc.a(lib_a-closer.o)
 .debug_info    0x000000000002151e      0xa29 /Users/justinng/Documents/Github/roborodentia2017/arm/lib/gcc/arm-none-eabi/4.9.1/../../../../arm-none-eabi/lib/libc.a(lib_a-fclose.o)
 .debug_info    0x0000000000021f47      0xa5a /Users/justinng/Documents/Github/roborodentia2017/arm/lib/gcc/arm-none-eabi/4.9.1/../../../../arm-none-eabi/lib/libc.a(lib_a-fstatr.o)
 .debug_info    0x00000000000229a1      0x8dc /Users/justinng/Documents/Github/roborodentia2017/arm/lib/gcc/arm-none-eabi/4.9.1/../../../../arm-none-eabi/lib/libc.a(lib_a-isattyr.o)
 .debug_info    0x000000000002327d      0x908 /Users/justinng/Documents/Github/roborodentia2017/arm/lib/gcc/arm-none-eabi/4.9.1/../../../../arm-none-eabi/lib/libc.a(lib_a-lseekr.o)
 .debug_info    0x0000000000023b85      0x91e /Users/justinng/Documents/Github/roborodentia2017/arm/lib/gcc/arm-none-eabi/4.9.1/../../../../arm-none-eabi/lib/libc.a(lib_a-readr.o)
 .debug_info    0x00000000000244a3       0xaa /Users/justinng/Documents/Github/roborodentia2017/arm/lib/gcc/arm-none-eabi/4.9.1/../../../../arm-none-eabi/lib/libnosys.a(close.o)
 .debug_info    0x000000000002454d      0x229 /Users/justinng/Documents/Github/roborodentia2017/arm/lib/gcc/arm-none-eabi/4.9.1/../../../../arm-none-eabi/lib/libnosys.a(fstat.o)
 .debug_info    0x0000000000024776       0xaa /Users/justinng/Documents/Github/roborodentia2017/arm/lib/gcc/arm-none-eabi/4.9.1/../../../../arm-none-eabi/lib/libnosys.a(isatty.o)
 .debug_info    0x0000000000024820       0xc6 /Users/justinng/Documents/Github/roborodentia2017/arm/lib/gcc/arm-none-eabi/4.9.1/../../../../arm-none-eabi/lib/libnosys.a(lseek.o)
 .debug_info    0x00000000000248e6       0xcc /Users/justinng/Documents/Github/roborodentia2017/arm/lib/gcc/arm-none-eabi/4.9.1/../../../../arm-none-eabi/lib/libnosys.a(read.o)
 .debug_info    0x00000000000249b2       0x95 /Users/justinng/Documents/Github/roborodentia2017/arm/lib/gcc/arm-none-eabi/4.9.1/../../../../arm-none-eabi/lib/libnosys.a(sbrk.o)
 .debug_info    0x0000000000024a47       0xcc /Users/justinng/Documents/Github/roborodentia2017/arm/lib/gcc/arm-none-eabi/4.9.1/../../../../arm-none-eabi/lib/libnosys.a(write.o)
 .debug_info    0x0000000000024b13       0xdf /Users/justinng/Documents/Github/roborodentia2017/arm/lib/gcc/arm-none-eabi/4.9.1/libgcc.a(_aeabi_uldivmod.o)
 .debug_info    0x0000000000024bf2      0x160 /Users/justinng/Documents/Github/roborodentia2017/arm/lib/gcc/arm-none-eabi/4.9.1/libgcc.a(bpabi.o)
 .debug_info    0x0000000000024d52       0xe3 /Users/justinng/Documents/Github/roborodentia2017/arm/lib/gcc/arm-none-eabi/4.9.1/libgcc.a(_dvmd_tls.o)
 .debug_info    0x0000000000024e35      0x5bc /Users/justinng/Documents/Github/roborodentia2017/arm/lib/gcc/arm-none-eabi/4.9.1/libgcc.a(_divdi3.o)
 .debug_info    0x00000000000253f1      0x57c /Users/justinng/Documents/Github/roborodentia2017/arm/lib/gcc/arm-none-eabi/4.9.1/libgcc.a(_udivdi3.o)

.debug_abbrev   0x0000000000000000     0x641d
 .debug_abbrev  0x0000000000000000      0x244 build/stm32f4xx_hal.o
 .debug_abbrev  0x0000000000000244      0x1c9 build/i2c.o
 .debug_abbrev  0x000000000000040d      0x286 build/stm32f4xx_hal_rcc_ex.o
 .debug_abbrev  0x0000000000000693      0x103 build/system_stm32f4xx.o
 .debug_abbrev  0x0000000000000796      0x20e build/tim.o
 .debug_abbrev  0x00000000000009a4      0x32d build/stm32f4xx_hal_cortex.o
 .debug_abbrev  0x0000000000000cd1      0x2c1 build/stm32f4xx_hal_rcc.o
 .debug_abbrev  0x0000000000000f92      0x2c3 build/stm32f4xx_hal_i2c.o
 .debug_abbrev  0x0000000000001255      0x222 build/stm32f4xx_hal_gpio.o
 .debug_abbrev  0x0000000000001477      0x2f9 build/stm32f4xx_hal_uart.o
 .debug_abbrev  0x0000000000001770      0x28c build/stm32f4xx_hal_tim.o
 .debug_abbrev  0x00000000000019fc      0x157 build/gpio.o
 .debug_abbrev  0x0000000000001b53       0xd0 build/stm32f4xx_hal_msp.o
 .debug_abbrev  0x0000000000001c23      0x1c9 build/usart.o
 .debug_abbrev  0x0000000000001dec      0x261 build/stm32f4xx_hal_tim_ex.o
 .debug_abbrev  0x000000000000204d      0x234 build/main.o
 .debug_abbrev  0x0000000000002281      0x16b build/stm32f4xx_it.o
 .debug_abbrev  0x00000000000023ec      0x2ba build/stm32f4xx_hal_dma.o
 .debug_abbrev  0x00000000000026a6      0x1f3 build/stm32f4xx_hal_pwr_ex.o
 .debug_abbrev  0x0000000000002899      0x134 build/dma.o
 .debug_abbrev  0x00000000000029cd       0x12 build/startup_stm32f446xx.o
 .debug_abbrev  0x00000000000029df      0x17e /Users/justinng/Documents/Github/roborodentia2017/arm/lib/gcc/arm-none-eabi/4.9.1/../../../../arm-none-eabi/lib/libc.a(lib_a-impure.o)
 .debug_abbrev  0x0000000000002b5d       0xb8 /Users/justinng/Documents/Github/roborodentia2017/arm/lib/gcc/arm-none-eabi/4.9.1/../../../../arm-none-eabi/lib/libc.a(lib_a-init.o)
 .debug_abbrev  0x0000000000002c15       0x9d /Users/justinng/Documents/Github/roborodentia2017/arm/lib/gcc/arm-none-eabi/4.9.1/../../../../arm-none-eabi/lib/libc.a(lib_a-memset.o)
 .debug_abbrev  0x0000000000002cb2      0x233 /Users/justinng/Documents/Github/roborodentia2017/arm/lib/gcc/arm-none-eabi/4.9.1/../../../../arm-none-eabi/lib/libc.a(lib_a-puts.o)
 .debug_abbrev  0x0000000000002ee5       0x6e /Users/justinng/Documents/Github/roborodentia2017/arm/lib/gcc/arm-none-eabi/4.9.1/../../../../arm-none-eabi/lib/libc.a(lib_a-strlen.o)
 .debug_abbrev  0x0000000000002f53      0x24a /Users/justinng/Documents/Github/roborodentia2017/arm/lib/gcc/arm-none-eabi/4.9.1/../../../../arm-none-eabi/lib/libc.a(lib_a-fvwrite.o)
 .debug_abbrev  0x000000000000319d      0x2ad /Users/justinng/Documents/Github/roborodentia2017/arm/lib/gcc/arm-none-eabi/4.9.1/../../../../arm-none-eabi/lib/libc.a(lib_a-mallocr.o)
 .debug_abbrev  0x000000000000344a       0xb8 /Users/justinng/Documents/Github/roborodentia2017/arm/lib/gcc/arm-none-eabi/4.9.1/../../../../arm-none-eabi/lib/libc.a(lib_a-memchr-stub.o)
 .debug_abbrev  0x0000000000003502       0x14 /Users/justinng/Documents/Github/roborodentia2017/arm/lib/gcc/arm-none-eabi/4.9.1/../../../../arm-none-eabi/lib/libc.a(lib_a-memcpy.o)
 .debug_abbrev  0x0000000000003516       0xa9 /Users/justinng/Documents/Github/roborodentia2017/arm/lib/gcc/arm-none-eabi/4.9.1/../../../../arm-none-eabi/lib/libc.a(lib_a-memmove.o)
 .debug_abbrev  0x00000000000035bf      0x198 /Users/justinng/Documents/Github/roborodentia2017/arm/lib/gcc/arm-none-eabi/4.9.1/../../../../arm-none-eabi/lib/libc.a(lib_a-mlock.o)
 .debug_abbrev  0x0000000000003757      0x260 /Users/justinng/Documents/Github/roborodentia2017/arm/lib/gcc/arm-none-eabi/4.9.1/../../../../arm-none-eabi/lib/libc.a(lib_a-reallocr.o)
 .debug_abbrev  0x00000000000039b7      0x1fb /Users/justinng/Documents/Github/roborodentia2017/arm/lib/gcc/arm-none-eabi/4.9.1/../../../../arm-none-eabi/lib/libc.a(lib_a-sbrkr.o)
 .debug_abbrev  0x0000000000003bb2      0x20b /Users/justinng/Documents/Github/roborodentia2017/arm/lib/gcc/arm-none-eabi/4.9.1/../../../../arm-none-eabi/lib/libc.a(lib_a-wsetup.o)
 .debug_abbrev  0x0000000000003dbd      0x283 /Users/justinng/Documents/Github/roborodentia2017/arm/lib/gcc/arm-none-eabi/4.9.1/../../../../arm-none-eabi/lib/libc.a(lib_a-fflush.o)
 .debug_abbrev  0x0000000000004040      0x36b /Users/justinng/Documents/Github/roborodentia2017/arm/lib/gcc/arm-none-eabi/4.9.1/../../../../arm-none-eabi/lib/libc.a(lib_a-findfp.o)
 .debug_abbrev  0x00000000000043ab      0x27b /Users/justinng/Documents/Github/roborodentia2017/arm/lib/gcc/arm-none-eabi/4.9.1/../../../../arm-none-eabi/lib/libc.a(lib_a-freer.o)
 .debug_abbrev  0x0000000000004626      0x1c2 /Users/justinng/Documents/Github/roborodentia2017/arm/lib/gcc/arm-none-eabi/4.9.1/../../../../arm-none-eabi/lib/libc.a(lib_a-fwalk.o)
 .debug_abbrev  0x00000000000047e8      0x206 /Users/justinng/Documents/Github/roborodentia2017/arm/lib/gcc/arm-none-eabi/4.9.1/../../../../arm-none-eabi/lib/libc.a(lib_a-makebuf.o)
 .debug_abbrev  0x00000000000049ee      0x25a /Users/justinng/Documents/Github/roborodentia2017/arm/lib/gcc/arm-none-eabi/4.9.1/../../../../arm-none-eabi/lib/libc.a(lib_a-reent.o)
 .debug_abbrev  0x0000000000004c48      0x246 /Users/justinng/Documents/Github/roborodentia2017/arm/lib/gcc/arm-none-eabi/4.9.1/../../../../arm-none-eabi/lib/libc.a(lib_a-stdio.o)
 .debug_abbrev  0x0000000000004e8e      0x1f2 /Users/justinng/Documents/Github/roborodentia2017/arm/lib/gcc/arm-none-eabi/4.9.1/../../../../arm-none-eabi/lib/libc.a(lib_a-writer.o)
 .debug_abbrev  0x0000000000005080      0x1ed /Users/justinng/Documents/Github/roborodentia2017/arm/lib/gcc/arm-none-eabi/4.9.1/../../../../arm-none-eabi/lib/libc.a(lib_a-closer.o)
 .debug_abbrev  0x000000000000526d      0x2aa /Users/justinng/Documents/Github/roborodentia2017/arm/lib/gcc/arm-none-eabi/4.9.1/../../../../arm-none-eabi/lib/libc.a(lib_a-fclose.o)
 .debug_abbrev  0x0000000000005517      0x1fc /Users/justinng/Documents/Github/roborodentia2017/arm/lib/gcc/arm-none-eabi/4.9.1/../../../../arm-none-eabi/lib/libc.a(lib_a-fstatr.o)
 .debug_abbrev  0x0000000000005713      0x1ed /Users/justinng/Documents/Github/roborodentia2017/arm/lib/gcc/arm-none-eabi/4.9.1/../../../../arm-none-eabi/lib/libc.a(lib_a-isattyr.o)
 .debug_abbrev  0x0000000000005900      0x1fc /Users/justinng/Documents/Github/roborodentia2017/arm/lib/gcc/arm-none-eabi/4.9.1/../../../../arm-none-eabi/lib/libc.a(lib_a-lseekr.o)
 .debug_abbrev  0x0000000000005afc      0x1ed /Users/justinng/Documents/Github/roborodentia2017/arm/lib/gcc/arm-none-eabi/4.9.1/../../../../arm-none-eabi/lib/libc.a(lib_a-readr.o)
 .debug_abbrev  0x0000000000005ce9       0x64 /Users/justinng/Documents/Github/roborodentia2017/arm/lib/gcc/arm-none-eabi/4.9.1/../../../../arm-none-eabi/lib/libnosys.a(close.o)
 .debug_abbrev  0x0000000000005d4d       0xb9 /Users/justinng/Documents/Github/roborodentia2017/arm/lib/gcc/arm-none-eabi/4.9.1/../../../../arm-none-eabi/lib/libnosys.a(fstat.o)
 .debug_abbrev  0x0000000000005e06       0x64 /Users/justinng/Documents/Github/roborodentia2017/arm/lib/gcc/arm-none-eabi/4.9.1/../../../../arm-none-eabi/lib/libnosys.a(isatty.o)
 .debug_abbrev  0x0000000000005e6a       0x82 /Users/justinng/Documents/Github/roborodentia2017/arm/lib/gcc/arm-none-eabi/4.9.1/../../../../arm-none-eabi/lib/libnosys.a(lseek.o)
 .debug_abbrev  0x0000000000005eec       0x8b /Users/justinng/Documents/Github/roborodentia2017/arm/lib/gcc/arm-none-eabi/4.9.1/../../../../arm-none-eabi/lib/libnosys.a(read.o)
 .debug_abbrev  0x0000000000005f77       0x81 /Users/justinng/Documents/Github/roborodentia2017/arm/lib/gcc/arm-none-eabi/4.9.1/../../../../arm-none-eabi/lib/libnosys.a(sbrk.o)
 .debug_abbrev  0x0000000000005ff8       0x8b /Users/justinng/Documents/Github/roborodentia2017/arm/lib/gcc/arm-none-eabi/4.9.1/../../../../arm-none-eabi/lib/libnosys.a(write.o)
 .debug_abbrev  0x0000000000006083       0x14 /Users/justinng/Documents/Github/roborodentia2017/arm/lib/gcc/arm-none-eabi/4.9.1/libgcc.a(_aeabi_uldivmod.o)
 .debug_abbrev  0x0000000000006097       0xb5 /Users/justinng/Documents/Github/roborodentia2017/arm/lib/gcc/arm-none-eabi/4.9.1/libgcc.a(bpabi.o)
 .debug_abbrev  0x000000000000614c       0x14 /Users/justinng/Documents/Github/roborodentia2017/arm/lib/gcc/arm-none-eabi/4.9.1/libgcc.a(_dvmd_tls.o)
 .debug_abbrev  0x0000000000006160      0x169 /Users/justinng/Documents/Github/roborodentia2017/arm/lib/gcc/arm-none-eabi/4.9.1/libgcc.a(_divdi3.o)
 .debug_abbrev  0x00000000000062c9      0x154 /Users/justinng/Documents/Github/roborodentia2017/arm/lib/gcc/arm-none-eabi/4.9.1/libgcc.a(_udivdi3.o)

.debug_loc      0x0000000000000000    0x122d1
 .debug_loc     0x0000000000000000      0x101 build/stm32f4xx_hal.o
 .debug_loc     0x0000000000000101      0x11d build/i2c.o
 .debug_loc     0x000000000000021e      0xb73 build/stm32f4xx_hal_rcc_ex.o
 .debug_loc     0x0000000000000d91      0x137 build/system_stm32f4xx.o
 .debug_loc     0x0000000000000ec8      0x161 build/tim.o
 .debug_loc     0x0000000000001029      0x7c9 build/stm32f4xx_hal_cortex.o
 .debug_loc     0x00000000000017f2      0x532 build/stm32f4xx_hal_rcc.o
 .debug_loc     0x0000000000001d24     0x32f4 build/stm32f4xx_hal_i2c.o
 .debug_loc     0x0000000000005018      0x598 build/stm32f4xx_hal_gpio.o
 .debug_loc     0x00000000000055b0     0x183e build/stm32f4xx_hal_uart.o
 .debug_loc     0x0000000000006dee     0x3217 build/stm32f4xx_hal_tim.o
 .debug_loc     0x000000000000a005       0x39 build/gpio.o
 .debug_loc     0x000000000000a03e       0x20 build/stm32f4xx_hal_msp.o
 .debug_loc     0x000000000000a05e       0xe2 build/usart.o
 .debug_loc     0x000000000000a140     0x11f8 build/stm32f4xx_hal_tim_ex.o
 .debug_loc     0x000000000000b338       0xbb build/main.o
 .debug_loc     0x000000000000b3f3       0xe0 build/stm32f4xx_it.o
 .debug_loc     0x000000000000b4d3      0xa7d build/stm32f4xx_hal_dma.o
 .debug_loc     0x000000000000bf50      0x338 build/stm32f4xx_hal_pwr_ex.o
 .debug_loc     0x000000000000c288       0x38 build/dma.o
 .debug_loc     0x000000000000c2c0       0xae /Users/justinng/Documents/Github/roborodentia2017/arm/lib/gcc/arm-none-eabi/4.9.1/../../../../arm-none-eabi/lib/libc.a(lib_a-init.o)
 .debug_loc     0x000000000000c36e      0x1ae /Users/justinng/Documents/Github/roborodentia2017/arm/lib/gcc/arm-none-eabi/4.9.1/../../../../arm-none-eabi/lib/libc.a(lib_a-memset.o)
 .debug_loc     0x000000000000c51c       0xc2 /Users/justinng/Documents/Github/roborodentia2017/arm/lib/gcc/arm-none-eabi/4.9.1/../../../../arm-none-eabi/lib/libc.a(lib_a-puts.o)
 .debug_loc     0x000000000000c5de       0x21 /Users/justinng/Documents/Github/roborodentia2017/arm/lib/gcc/arm-none-eabi/4.9.1/../../../../arm-none-eabi/lib/libc.a(lib_a-strlen.o)
 .debug_loc     0x000000000000c5ff      0x674 /Users/justinng/Documents/Github/roborodentia2017/arm/lib/gcc/arm-none-eabi/4.9.1/../../../../arm-none-eabi/lib/libc.a(lib_a-fvwrite.o)
 .debug_loc     0x000000000000cc73      0xd34 /Users/justinng/Documents/Github/roborodentia2017/arm/lib/gcc/arm-none-eabi/4.9.1/../../../../arm-none-eabi/lib/libc.a(lib_a-mallocr.o)
 .debug_loc     0x000000000000d9a7      0x180 /Users/justinng/Documents/Github/roborodentia2017/arm/lib/gcc/arm-none-eabi/4.9.1/../../../../arm-none-eabi/lib/libc.a(lib_a-memchr-stub.o)
 .debug_loc     0x000000000000db27      0x2d7 /Users/justinng/Documents/Github/roborodentia2017/arm/lib/gcc/arm-none-eabi/4.9.1/../../../../arm-none-eabi/lib/libc.a(lib_a-memmove.o)
 .debug_loc     0x000000000000ddfe     0x1218 /Users/justinng/Documents/Github/roborodentia2017/arm/lib/gcc/arm-none-eabi/4.9.1/../../../../arm-none-eabi/lib/libc.a(lib_a-reallocr.o)
 .debug_loc     0x000000000000f016       0x4d /Users/justinng/Documents/Github/roborodentia2017/arm/lib/gcc/arm-none-eabi/4.9.1/../../../../arm-none-eabi/lib/libc.a(lib_a-sbrkr.o)
 .debug_loc     0x000000000000f063       0xa2 /Users/justinng/Documents/Github/roborodentia2017/arm/lib/gcc/arm-none-eabi/4.9.1/../../../../arm-none-eabi/lib/libc.a(lib_a-wsetup.o)
 .debug_loc     0x000000000000f105      0x257 /Users/justinng/Documents/Github/roborodentia2017/arm/lib/gcc/arm-none-eabi/4.9.1/../../../../arm-none-eabi/lib/libc.a(lib_a-fflush.o)
 .debug_loc     0x000000000000f35c      0x22e /Users/justinng/Documents/Github/roborodentia2017/arm/lib/gcc/arm-none-eabi/4.9.1/../../../../arm-none-eabi/lib/libc.a(lib_a-findfp.o)
 .debug_loc     0x000000000000f58a      0x4fd /Users/justinng/Documents/Github/roborodentia2017/arm/lib/gcc/arm-none-eabi/4.9.1/../../../../arm-none-eabi/lib/libc.a(lib_a-freer.o)
 .debug_loc     0x000000000000fa87      0x207 /Users/justinng/Documents/Github/roborodentia2017/arm/lib/gcc/arm-none-eabi/4.9.1/../../../../arm-none-eabi/lib/libc.a(lib_a-fwalk.o)
 .debug_loc     0x000000000000fc8e      0x10c /Users/justinng/Documents/Github/roborodentia2017/arm/lib/gcc/arm-none-eabi/4.9.1/../../../../arm-none-eabi/lib/libc.a(lib_a-makebuf.o)
 .debug_loc     0x000000000000fd9a      0x11d /Users/justinng/Documents/Github/roborodentia2017/arm/lib/gcc/arm-none-eabi/4.9.1/../../../../arm-none-eabi/lib/libc.a(lib_a-reent.o)
 .debug_loc     0x000000000000feb7      0x29e /Users/justinng/Documents/Github/roborodentia2017/arm/lib/gcc/arm-none-eabi/4.9.1/../../../../arm-none-eabi/lib/libc.a(lib_a-stdio.o)
 .debug_loc     0x0000000000010155       0xa5 /Users/justinng/Documents/Github/roborodentia2017/arm/lib/gcc/arm-none-eabi/4.9.1/../../../../arm-none-eabi/lib/libc.a(lib_a-writer.o)
 .debug_loc     0x00000000000101fa       0x4d /Users/justinng/Documents/Github/roborodentia2017/arm/lib/gcc/arm-none-eabi/4.9.1/../../../../arm-none-eabi/lib/libc.a(lib_a-closer.o)
 .debug_loc     0x0000000000010247      0x151 /Users/justinng/Documents/Github/roborodentia2017/arm/lib/gcc/arm-none-eabi/4.9.1/../../../../arm-none-eabi/lib/libc.a(lib_a-fclose.o)
 .debug_loc     0x0000000000010398       0x79 /Users/justinng/Documents/Github/roborodentia2017/arm/lib/gcc/arm-none-eabi/4.9.1/../../../../arm-none-eabi/lib/libc.a(lib_a-fstatr.o)
 .debug_loc     0x0000000000010411       0x4d /Users/justinng/Documents/Github/roborodentia2017/arm/lib/gcc/arm-none-eabi/4.9.1/../../../../arm-none-eabi/lib/libc.a(lib_a-isattyr.o)
 .debug_loc     0x000000000001045e       0xa5 /Users/justinng/Documents/Github/roborodentia2017/arm/lib/gcc/arm-none-eabi/4.9.1/../../../../arm-none-eabi/lib/libc.a(lib_a-lseekr.o)
 .debug_loc     0x0000000000010503       0xa5 /Users/justinng/Documents/Github/roborodentia2017/arm/lib/gcc/arm-none-eabi/4.9.1/../../../../arm-none-eabi/lib/libc.a(lib_a-readr.o)
 .debug_loc     0x00000000000105a8       0x21 /Users/justinng/Documents/Github/roborodentia2017/arm/lib/gcc/arm-none-eabi/4.9.1/../../../../arm-none-eabi/lib/libnosys.a(close.o)
 .debug_loc     0x00000000000105c9       0x21 /Users/justinng/Documents/Github/roborodentia2017/arm/lib/gcc/arm-none-eabi/4.9.1/../../../../arm-none-eabi/lib/libnosys.a(fstat.o)
 .debug_loc     0x00000000000105ea       0x21 /Users/justinng/Documents/Github/roborodentia2017/arm/lib/gcc/arm-none-eabi/4.9.1/../../../../arm-none-eabi/lib/libnosys.a(isatty.o)
 .debug_loc     0x000000000001060b       0x42 /Users/justinng/Documents/Github/roborodentia2017/arm/lib/gcc/arm-none-eabi/4.9.1/../../../../arm-none-eabi/lib/libnosys.a(lseek.o)
 .debug_loc     0x000000000001064d       0x42 /Users/justinng/Documents/Github/roborodentia2017/arm/lib/gcc/arm-none-eabi/4.9.1/../../../../arm-none-eabi/lib/libnosys.a(read.o)
 .debug_loc     0x000000000001068f       0x21 /Users/justinng/Documents/Github/roborodentia2017/arm/lib/gcc/arm-none-eabi/4.9.1/../../../../arm-none-eabi/lib/libnosys.a(sbrk.o)
 .debug_loc     0x00000000000106b0       0x42 /Users/justinng/Documents/Github/roborodentia2017/arm/lib/gcc/arm-none-eabi/4.9.1/../../../../arm-none-eabi/lib/libnosys.a(write.o)
 .debug_loc     0x00000000000106f2       0xa0 /Users/justinng/Documents/Github/roborodentia2017/arm/lib/gcc/arm-none-eabi/4.9.1/libgcc.a(bpabi.o)
 .debug_loc     0x0000000000010792      0xdef /Users/justinng/Documents/Github/roborodentia2017/arm/lib/gcc/arm-none-eabi/4.9.1/libgcc.a(_divdi3.o)
 .debug_loc     0x0000000000011581      0xd50 /Users/justinng/Documents/Github/roborodentia2017/arm/lib/gcc/arm-none-eabi/4.9.1/libgcc.a(_udivdi3.o)

.debug_aranges  0x0000000000000000     0x1368
 .debug_aranges
                0x0000000000000000       0xc8 build/stm32f4xx_hal.o
 .debug_aranges
                0x00000000000000c8       0x38 build/i2c.o
 .debug_aranges
                0x0000000000000100       0x58 build/stm32f4xx_hal_rcc_ex.o
 .debug_aranges
                0x0000000000000158       0x28 build/system_stm32f4xx.o
 .debug_aranges
                0x0000000000000180       0x48 build/tim.o
 .debug_aranges
                0x00000000000001c8       0xa8 build/stm32f4xx_hal_cortex.o
 .debug_aranges
                0x0000000000000270       0x88 build/stm32f4xx_hal_rcc.o
 .debug_aranges
                0x00000000000002f8      0x268 build/stm32f4xx_hal_i2c.o
 .debug_aranges
                0x0000000000000560       0x58 build/stm32f4xx_hal_gpio.o
 .debug_aranges
                0x00000000000005b8      0x1d0 build/stm32f4xx_hal_uart.o
 .debug_aranges
                0x0000000000000788      0x368 build/stm32f4xx_hal_tim.o
 .debug_aranges
                0x0000000000000af0       0x20 build/gpio.o
 .debug_aranges
                0x0000000000000b10       0x20 build/stm32f4xx_hal_msp.o
 .debug_aranges
                0x0000000000000b30       0x30 build/usart.o
 .debug_aranges
                0x0000000000000b60      0x140 build/stm32f4xx_hal_tim_ex.o
 .debug_aranges
                0x0000000000000ca0       0x38 build/main.o
 .debug_aranges
                0x0000000000000cd8       0x60 build/stm32f4xx_it.o
 .debug_aranges
                0x0000000000000d38       0x90 build/stm32f4xx_hal_dma.o
 .debug_aranges
                0x0000000000000dc8       0x60 build/stm32f4xx_hal_pwr_ex.o
 .debug_aranges
                0x0000000000000e28       0x20 build/dma.o
 .debug_aranges
                0x0000000000000e48       0x28 build/startup_stm32f446xx.o
 .debug_aranges
                0x0000000000000e70       0x18 /Users/justinng/Documents/Github/roborodentia2017/arm/lib/gcc/arm-none-eabi/4.9.1/../../../../arm-none-eabi/lib/libc.a(lib_a-impure.o)
 .debug_aranges
                0x0000000000000e88       0x20 /Users/justinng/Documents/Github/roborodentia2017/arm/lib/gcc/arm-none-eabi/4.9.1/../../../../arm-none-eabi/lib/libc.a(lib_a-init.o)
 .debug_aranges
                0x0000000000000ea8       0x20 /Users/justinng/Documents/Github/roborodentia2017/arm/lib/gcc/arm-none-eabi/4.9.1/../../../../arm-none-eabi/lib/libc.a(lib_a-memset.o)
 .debug_aranges
                0x0000000000000ec8       0x20 /Users/justinng/Documents/Github/roborodentia2017/arm/lib/gcc/arm-none-eabi/4.9.1/../../../../arm-none-eabi/lib/libc.a(lib_a-puts.o)
 .debug_aranges
                0x0000000000000ee8       0x20 /Users/justinng/Documents/Github/roborodentia2017/arm/lib/gcc/arm-none-eabi/4.9.1/../../../../arm-none-eabi/lib/libc.a(lib_a-strlen.o)
 .debug_aranges
                0x0000000000000f08       0x20 /Users/justinng/Documents/Github/roborodentia2017/arm/lib/gcc/arm-none-eabi/4.9.1/../../../../arm-none-eabi/lib/libc.a(lib_a-fvwrite.o)
 .debug_aranges
                0x0000000000000f28       0x20 /Users/justinng/Documents/Github/roborodentia2017/arm/lib/gcc/arm-none-eabi/4.9.1/../../../../arm-none-eabi/lib/libc.a(lib_a-mallocr.o)
 .debug_aranges
                0x0000000000000f48       0x20 /Users/justinng/Documents/Github/roborodentia2017/arm/lib/gcc/arm-none-eabi/4.9.1/../../../../arm-none-eabi/lib/libc.a(lib_a-memchr-stub.o)
 .debug_aranges
                0x0000000000000f68       0x20 /Users/justinng/Documents/Github/roborodentia2017/arm/lib/gcc/arm-none-eabi/4.9.1/../../../../arm-none-eabi/lib/libc.a(lib_a-memcpy.o)
 .debug_aranges
                0x0000000000000f88       0x20 /Users/justinng/Documents/Github/roborodentia2017/arm/lib/gcc/arm-none-eabi/4.9.1/../../../../arm-none-eabi/lib/libc.a(lib_a-memmove.o)
 .debug_aranges
                0x0000000000000fa8       0x20 /Users/justinng/Documents/Github/roborodentia2017/arm/lib/gcc/arm-none-eabi/4.9.1/../../../../arm-none-eabi/lib/libc.a(lib_a-mlock.o)
 .debug_aranges
                0x0000000000000fc8       0x20 /Users/justinng/Documents/Github/roborodentia2017/arm/lib/gcc/arm-none-eabi/4.9.1/../../../../arm-none-eabi/lib/libc.a(lib_a-reallocr.o)
 .debug_aranges
                0x0000000000000fe8       0x20 /Users/justinng/Documents/Github/roborodentia2017/arm/lib/gcc/arm-none-eabi/4.9.1/../../../../arm-none-eabi/lib/libc.a(lib_a-sbrkr.o)
 .debug_aranges
                0x0000000000001008       0x20 /Users/justinng/Documents/Github/roborodentia2017/arm/lib/gcc/arm-none-eabi/4.9.1/../../../../arm-none-eabi/lib/libc.a(lib_a-wsetup.o)
 .debug_aranges
                0x0000000000001028       0x20 /Users/justinng/Documents/Github/roborodentia2017/arm/lib/gcc/arm-none-eabi/4.9.1/../../../../arm-none-eabi/lib/libc.a(lib_a-fflush.o)
 .debug_aranges
                0x0000000000001048       0x20 /Users/justinng/Documents/Github/roborodentia2017/arm/lib/gcc/arm-none-eabi/4.9.1/../../../../arm-none-eabi/lib/libc.a(lib_a-findfp.o)
 .debug_aranges
                0x0000000000001068       0x20 /Users/justinng/Documents/Github/roborodentia2017/arm/lib/gcc/arm-none-eabi/4.9.1/../../../../arm-none-eabi/lib/libc.a(lib_a-freer.o)
 .debug_aranges
                0x0000000000001088       0x20 /Users/justinng/Documents/Github/roborodentia2017/arm/lib/gcc/arm-none-eabi/4.9.1/../../../../arm-none-eabi/lib/libc.a(lib_a-fwalk.o)
 .debug_aranges
                0x00000000000010a8       0x20 /Users/justinng/Documents/Github/roborodentia2017/arm/lib/gcc/arm-none-eabi/4.9.1/../../../../arm-none-eabi/lib/libc.a(lib_a-makebuf.o)
 .debug_aranges
                0x00000000000010c8       0x20 /Users/justinng/Documents/Github/roborodentia2017/arm/lib/gcc/arm-none-eabi/4.9.1/../../../../arm-none-eabi/lib/libc.a(lib_a-reent.o)
 .debug_aranges
                0x00000000000010e8       0x20 /Users/justinng/Documents/Github/roborodentia2017/arm/lib/gcc/arm-none-eabi/4.9.1/../../../../arm-none-eabi/lib/libc.a(lib_a-stdio.o)
 .debug_aranges
                0x0000000000001108       0x20 /Users/justinng/Documents/Github/roborodentia2017/arm/lib/gcc/arm-none-eabi/4.9.1/../../../../arm-none-eabi/lib/libc.a(lib_a-writer.o)
 .debug_aranges
                0x0000000000001128       0x20 /Users/justinng/Documents/Github/roborodentia2017/arm/lib/gcc/arm-none-eabi/4.9.1/../../../../arm-none-eabi/lib/libc.a(lib_a-closer.o)
 .debug_aranges
                0x0000000000001148       0x20 /Users/justinng/Documents/Github/roborodentia2017/arm/lib/gcc/arm-none-eabi/4.9.1/../../../../arm-none-eabi/lib/libc.a(lib_a-fclose.o)
 .debug_aranges
                0x0000000000001168       0x20 /Users/justinng/Documents/Github/roborodentia2017/arm/lib/gcc/arm-none-eabi/4.9.1/../../../../arm-none-eabi/lib/libc.a(lib_a-fstatr.o)
 .debug_aranges
                0x0000000000001188       0x20 /Users/justinng/Documents/Github/roborodentia2017/arm/lib/gcc/arm-none-eabi/4.9.1/../../../../arm-none-eabi/lib/libc.a(lib_a-isattyr.o)
 .debug_aranges
                0x00000000000011a8       0x20 /Users/justinng/Documents/Github/roborodentia2017/arm/lib/gcc/arm-none-eabi/4.9.1/../../../../arm-none-eabi/lib/libc.a(lib_a-lseekr.o)
 .debug_aranges
                0x00000000000011c8       0x20 /Users/justinng/Documents/Github/roborodentia2017/arm/lib/gcc/arm-none-eabi/4.9.1/../../../../arm-none-eabi/lib/libc.a(lib_a-readr.o)
 .debug_aranges
                0x00000000000011e8       0x20 /Users/justinng/Documents/Github/roborodentia2017/arm/lib/gcc/arm-none-eabi/4.9.1/../../../../arm-none-eabi/lib/libnosys.a(close.o)
 .debug_aranges
                0x0000000000001208       0x20 /Users/justinng/Documents/Github/roborodentia2017/arm/lib/gcc/arm-none-eabi/4.9.1/../../../../arm-none-eabi/lib/libnosys.a(fstat.o)
 .debug_aranges
                0x0000000000001228       0x20 /Users/justinng/Documents/Github/roborodentia2017/arm/lib/gcc/arm-none-eabi/4.9.1/../../../../arm-none-eabi/lib/libnosys.a(isatty.o)
 .debug_aranges
                0x0000000000001248       0x20 /Users/justinng/Documents/Github/roborodentia2017/arm/lib/gcc/arm-none-eabi/4.9.1/../../../../arm-none-eabi/lib/libnosys.a(lseek.o)
 .debug_aranges
                0x0000000000001268       0x20 /Users/justinng/Documents/Github/roborodentia2017/arm/lib/gcc/arm-none-eabi/4.9.1/../../../../arm-none-eabi/lib/libnosys.a(read.o)
 .debug_aranges
                0x0000000000001288       0x20 /Users/justinng/Documents/Github/roborodentia2017/arm/lib/gcc/arm-none-eabi/4.9.1/../../../../arm-none-eabi/lib/libnosys.a(sbrk.o)
 .debug_aranges
                0x00000000000012a8       0x20 /Users/justinng/Documents/Github/roborodentia2017/arm/lib/gcc/arm-none-eabi/4.9.1/../../../../arm-none-eabi/lib/libnosys.a(write.o)
 .debug_aranges
                0x00000000000012c8       0x20 /Users/justinng/Documents/Github/roborodentia2017/arm/lib/gcc/arm-none-eabi/4.9.1/libgcc.a(_aeabi_uldivmod.o)
 .debug_aranges